Release 14.7 - ngdbuild P.20131013 (lin64)
Copyright (c) 1995-2013 Xilinx, Inc.  All rights reserved.

Command Line:
/mnt/xilinx-ise14.7/Xilinx/14.7/ISE_DS/ISE/bin/lin64/unwrapped/ngdbuild -p
xc6slx16-2-csg324 -uc p6_h1.ucf p6_h1.ngc p6_h1.ngd

Reading NGO file
"/home/shahriar-rizvi/Downloads/QFlow_P6_H1_ISE_Build_06a5512/p6_h1.ngc" ...
Gathering constraint information from source properties...
Done.

Annotating constraints to design from ucf file "p6_h1.ucf" ...
Resolving constraint associations...
Checking Constraint Associations...
Done...

Checking expanded design ...
WARNING:NgdBuild:452 - logical net 'u/records_completed[6]_PWR_2_o_div_1_OUT<6>'
   has no driver
WARNING:NgdBuild:452 - logical net 'u/records_completed[6]_PWR_2_o_div_1_OUT<5>'
   has no driver
WARNING:NgdBuild:452 - logical net 'u/records_completed[6]_PWR_2_o_div_1_OUT<4>'
   has no driver
WARNING:NgdBuild:452 - logical net 'u/campaign/state_fidelity<0>' has no driver
WARNING:NgdBuild:452 - logical net 'u/campaign/imbalance<12>' has no driver
WARNING:NgdBuild:452 - logical net 'u/campaign/imbalance<11>' has no driver
WARNING:NgdBuild:452 - logical net 'u/campaign/imbalance<10>' has no driver
WARNING:NgdBuild:452 - logical net 'u/campaign/imbalance<9>' has no driver
WARNING:NgdBuild:452 - logical net 'u/campaign/imbalance<8>' has no driver
WARNING:NgdBuild:452 - logical net 'u/campaign/imbalance<7>' has no driver
WARNING:NgdBuild:452 - logical net 'u/campaign/imbalance<6>' has no driver
WARNING:NgdBuild:452 - logical net 'u/campaign/imbalance<5>' has no driver
WARNING:NgdBuild:452 - logical net 'u/campaign/imbalance<4>' has no driver
WARNING:NgdBuild:452 - logical net 'u/campaign/imbalance<3>' has no driver
WARNING:NgdBuild:452 - logical net 'u/campaign/imbalance<2>' has no driver
WARNING:NgdBuild:452 - logical net 'u/campaign/imbalance<1>' has no driver
WARNING:NgdBuild:452 - logical net 'u/campaign/imbalance<0>' has no driver
WARNING:NgdBuild:452 - logical net 'u/campaign/kernel/policy_id<2>' has no
   driver
WARNING:NgdBuild:452 - logical net 'u/campaign/kernel/policy_id<1>' has no
   driver
WARNING:NgdBuild:452 - logical net 'u/campaign/kernel/policy_id<0>' has no
   driver
WARNING:NgdBuild:452 - logical net 'u/campaign/kernel/profile_id<1>' has no
   driver
WARNING:NgdBuild:452 - logical net 'u/campaign/kernel/profile_id<0>' has no
   driver
WARNING:NgdBuild:452 - logical net 'u/campaign/kernel/selected_slot<1>' has no
   driver
WARNING:NgdBuild:452 - logical net 'u/campaign/kernel/selected_score<17>' has no
   driver
WARNING:NgdBuild:452 - logical net 'u/campaign/kernel/selected_score<16>' has no
   driver
WARNING:NgdBuild:452 - logical net 'u/campaign/kernel/busy' has no driver
WARNING:NgdBuild:452 - logical net 'u/campaign/kernel/route_valid' has no driver
WARNING:NgdBuild:452 - logical net 'u/campaign/kernel/no_path' has no driver
WARNING:NgdBuild:452 - logical net 'u/campaign/kernel/stall' has no driver
WARNING:NgdBuild:452 - logical net 'u/campaign/kernel/invalid_request' has no
   driver

Partition Implementation Status
-------------------------------

  No Partitions were found in this design.

-------------------------------

NGDBUILD Design Results Summary:
  Number of errors:     0
  Number of warnings:  30

Writing NGD file "p6_h1.ngd" ...
Total REAL time to NGDBUILD completion:  1 sec
Total CPU time to NGDBUILD completion:   1 sec

Writing NGDBUILD log file "p6_h1.bld"...

NGDBUILD done.
