Release 14.7 Map P.20131013 (lin64)
Xilinx Mapping Report File for Design 'p6_nexys3_h1'

Design Information
------------------
Command Line   : map -w -p xc6slx16-2-csg324 -o p6_h1_map.ncd p6_h1.ngd
p6_h1.pcf 
Target Device  : xc6slx16
Target Package : csg324
Target Speed   : -2
Mapper Version : spartan6 -- $Revision: 1.55 $
Mapped Date    : Wed Jul 22 03:07:05 2026

Design Summary
--------------
Number of errors:      0
Number of warnings:   12
Slice Logic Utilization:
  Number of Slice Registers:                 1,000 out of  18,224    5%
    Number used as Flip Flops:               1,000
    Number used as Latches:                      0
    Number used as Latch-thrus:                  0
    Number used as AND/OR logics:                0
  Number of Slice LUTs:                      1,484 out of   9,112   16%
    Number used as logic:                    1,404 out of   9,112   15%
      Number using O6 output only:           1,023
      Number using O5 output only:              75
      Number using O5 and O6:                  306
      Number used as ROM:                        0
    Number used as Memory:                       0 out of   2,176    0%
    Number used exclusively as route-thrus:     80
      Number with same-slice register load:     67
      Number with same-slice carry load:        13
      Number with other load:                    0

Slice Logic Distribution:
  Number of occupied Slices:                   589 out of   2,278   25%
  Number of MUXCYs used:                       440 out of   4,556    9%
  Number of LUT Flip Flop pairs used:        1,714
    Number with an unused Flip Flop:           860 out of   1,714   50%
    Number with an unused LUT:                 230 out of   1,714   13%
    Number of fully used LUT-FF pairs:         624 out of   1,714   36%
    Number of unique control sets:              33
    Number of slice register sites lost
      to control set restrictions:             112 out of  18,224    1%

  A LUT Flip Flop pair for this architecture represents one LUT paired with
  one Flip Flop within a slice.  A control set is a unique combination of
  clock, reset, set, and enable signals for a registered element.
  The Slice Logic Distribution report is not meaningful if the design is
  over-mapped for a non-slice resource or if Placement fails.

IO Utilization:
  Number of bonded IOBs:                        17 out of     232    7%
    Number of LOCed IOBs:                       17 out of      17  100%

Specific Feature Utilization:
  Number of RAMB16BWERs:                         0 out of      32    0%
  Number of RAMB8BWERs:                          0 out of      64    0%
  Number of BUFIO2/BUFIO2_2CLKs:                 0 out of      32    0%
  Number of BUFIO2FB/BUFIO2FB_2CLKs:             0 out of      32    0%
  Number of BUFG/BUFGMUXs:                       1 out of      16    6%
    Number used as BUFGs:                        1
    Number used as BUFGMUX:                      0
  Number of DCM/DCM_CLKGENs:                     0 out of       4    0%
  Number of ILOGIC2/ISERDES2s:                   0 out of     248    0%
  Number of IODELAY2/IODRP2/IODRP2_MCBs:         0 out of     248    0%
  Number of OLOGIC2/OSERDES2s:                   0 out of     248    0%
  Number of BSCANs:                              0 out of       4    0%
  Number of BUFHs:                               0 out of     128    0%
  Number of BUFPLLs:                             0 out of       8    0%
  Number of BUFPLL_MCBs:                         0 out of       4    0%
  Number of DSP48A1s:                            0 out of      32    0%
  Number of ICAPs:                               0 out of       1    0%
  Number of MCBs:                                0 out of       2    0%
  Number of PCILOGICSEs:                         0 out of       2    0%
  Number of PLL_ADVs:                            0 out of       2    0%
  Number of PMVs:                                0 out of       1    0%
  Number of STARTUPs:                            0 out of       1    0%
  Number of SUSPEND_SYNCs:                       0 out of       1    0%

Average Fanout of Non-Clock Nets:                4.64

Peak Memory Usage:  695 MB
Total REAL time to MAP completion:  10 secs 
Total CPU time to MAP completion:   10 secs 

Table of Contents
-----------------
Section 1 - Errors
Section 2 - Warnings
Section 3 - Informational
Section 4 - Removed Logic Summary
Section 5 - Removed Logic
Section 6 - IOB Properties
Section 7 - RPMs
Section 8 - Guide Report
Section 9 - Area Group and Partition Summary
Section 10 - Timing Report
Section 11 - Configuration String Information
Section 12 - Control Set Information
Section 13 - Utilization by Hierarchy

Section 1 - Errors
------------------

Section 2 - Warnings
--------------------
WARNING:PhysDesignRules:367 - The signal <u/campaign/test_id<8>> is incomplete.
   The signal does not drive any load pins in the design.
WARNING:PhysDesignRules:367 - The signal <u/campaign/test_id<6>> is incomplete.
   The signal does not drive any load pins in the design.
WARNING:PhysDesignRules:367 - The signal
   <u/campaign/kernel/core/c0_fidelity<15>> is incomplete. The signal does not
   drive any load pins in the design.
WARNING:PhysDesignRules:367 - The signal
   <u/campaign/kernel/core/c0_fidelity<14>> is incomplete. The signal does not
   drive any load pins in the design.
WARNING:PhysDesignRules:367 - The signal
   <u/campaign/kernel/core/c0_fidelity<13>> is incomplete. The signal does not
   drive any load pins in the design.
WARNING:PhysDesignRules:367 - The signal
   <u/campaign/kernel/core/c1_fidelity<14>> is incomplete. The signal does not
   drive any load pins in the design.
WARNING:PhysDesignRules:367 - The signal
   <u/campaign/kernel/core/c1_fidelity<13>> is incomplete. The signal does not
   drive any load pins in the design.
WARNING:PhysDesignRules:367 - The signal <u/campaign/formatter/selected_path<6>>
   is incomplete. The signal does not drive any load pins in the design.
WARNING:PhysDesignRules:367 - The signal <u/campaign/formatter/selected_path<5>>
   is incomplete. The signal does not drive any load pins in the design.
WARNING:PhysDesignRules:367 - The signal <u/campaign/formatter/selected_path<4>>
   is incomplete. The signal does not drive any load pins in the design.
WARNING:PhysDesignRules:367 - The signal <u/campaign/formatter/selected_path<2>>
   is incomplete. The signal does not drive any load pins in the design.
WARNING:PhysDesignRules:367 - The signal <u/campaign/formatter/selected_path<1>>
   is incomplete. The signal does not drive any load pins in the design.

Section 3 - Informational
-------------------------
INFO:LIT:243 - Logical network u/records_completed[6]_PWR_2_o_div_1_OUT<6> has
   no load.
INFO:LIT:395 - The above info message is repeated 29 more times for the
   following (max. 5 shown):
   u/records_completed[6]_PWR_2_o_div_1_OUT<5>,
   u/records_completed[6]_PWR_2_o_div_1_OUT<4>,
   u/campaign/state_fidelity<0>,
   u/campaign/imbalance<12>,
   u/campaign/imbalance<11>
   To see the details of these info messages, please use the -detail switch.
INFO:MapLib:562 - No environment variables are currently set.
INFO:LIT:244 - All of the single ended outputs in this design are using slew
   rate limited output drivers. The delay on speed critical single ended outputs
   can be dramatically reduced by designating them as fast outputs.
INFO:Pack:1716 - Initializing temperature to 85.000 Celsius. (default - Range:
   0.000 to 85.000 Celsius)
INFO:Pack:1720 - Initializing voltage to 1.140 Volts. (default - Range: 1.140 to
   1.260 Volts)
INFO:Map:215 - The Interim Design Summary has been generated in the MAP Report
   (.mrp).
INFO:Pack:1650 - Map created a placed design.

Section 4 - Removed Logic Summary
---------------------------------
  13 block(s) optimized away
  30 signal(s) removed

Section 5 - Removed Logic
-------------------------

The trimmed logic report below shows the logic removed from your design due to
sourceless or loadless signals, and VCC or ground connections.  If the removal
of a signal or symbol results in the subsequent removal of an additional signal
or symbol, the message explaining that second removal will be indented.  This
indentation will be repeated as a chain of related logic is removed.

To quickly locate the original cause for the removal of a chain of logic, look
above the place where that logic is listed in the trimming report, then locate
the lines that are least indented (begin at the leftmost edge).

The signal "u/records_completed[6]_PWR_2_o_div_1_OUT<6>" is sourceless and has
been removed.
The signal "u/records_completed[6]_PWR_2_o_div_1_OUT<5>" is sourceless and has
been removed.
The signal "u/records_completed[6]_PWR_2_o_div_1_OUT<4>" is sourceless and has
been removed.
The signal "u/campaign/state_fidelity<0>" is sourceless and has been removed.
The signal "u/campaign/imbalance<12>" is sourceless and has been removed.
The signal "u/campaign/imbalance<11>" is sourceless and has been removed.
The signal "u/campaign/imbalance<10>" is sourceless and has been removed.
The signal "u/campaign/imbalance<9>" is sourceless and has been removed.
The signal "u/campaign/imbalance<8>" is sourceless and has been removed.
The signal "u/campaign/imbalance<7>" is sourceless and has been removed.
The signal "u/campaign/imbalance<6>" is sourceless and has been removed.
The signal "u/campaign/imbalance<5>" is sourceless and has been removed.
The signal "u/campaign/imbalance<4>" is sourceless and has been removed.
The signal "u/campaign/imbalance<3>" is sourceless and has been removed.
The signal "u/campaign/imbalance<2>" is sourceless and has been removed.
The signal "u/campaign/imbalance<1>" is sourceless and has been removed.
The signal "u/campaign/imbalance<0>" is sourceless and has been removed.
The signal "u/campaign/kernel/policy_id<2>" is sourceless and has been removed.
The signal "u/campaign/kernel/policy_id<1>" is sourceless and has been removed.
The signal "u/campaign/kernel/policy_id<0>" is sourceless and has been removed.
The signal "u/campaign/kernel/profile_id<1>" is sourceless and has been removed.
The signal "u/campaign/kernel/profile_id<0>" is sourceless and has been removed.
The signal "u/campaign/kernel/selected_slot<1>" is sourceless and has been
removed.
The signal "u/campaign/kernel/selected_score<17>" is sourceless and has been
removed.
The signal "u/campaign/kernel/selected_score<16>" is sourceless and has been
removed.
The signal "u/campaign/kernel/busy" is sourceless and has been removed.
The signal "u/campaign/kernel/route_valid" is sourceless and has been removed.
The signal "u/campaign/kernel/no_path" is sourceless and has been removed.
The signal "u/campaign/kernel/stall" is sourceless and has been removed.
The signal "u/campaign/kernel/invalid_request" is sourceless and has been
removed.

Optimized Block(s):
TYPE 		BLOCK
GND 		u/XST_GND
VCC 		u/XST_VCC
GND 		u/campaign/XST_GND
VCC 		u/campaign/XST_VCC
GND 		u/campaign/expected/XST_GND
GND 		u/campaign/formatter/XST_GND
GND 		u/campaign/kernel/XST_GND
VCC 		u/campaign/kernel/XST_VCC
GND 		u/campaign/kernel/core/evaluator_i/XST_GND
VCC 		u/campaign/kernel/core/evaluator_i/XST_VCC
GND 		u/campaign/uart/XST_GND
VCC 		u/campaign/uart/XST_VCC
GND 		u/records_completed[6]_PWR_2_o_mod_0/XST_GND

To enable printing of redundant blocks removed and signals merged, set the
detailed map report option and rerun map.

Section 6 - IOB Properties
--------------------------

+---------------------------------------------------------------------------------------------------------------------------------------------------------+
| IOB Name                           | Type             | Direction | IO Standard          | Diff  | Drive    | Slew | Reg (s)      | Resistor | IOB      |
|                                    |                  |           |                      | Term  | Strength | Rate |              |          | Delay    |
+---------------------------------------------------------------------------------------------------------------------------------------------------------+
| an_n<0>                            | IOB              | OUTPUT    | LVCMOS33             |       | 8        | SLOW |              |          |          |
| an_n<1>                            | IOB              | OUTPUT    | LVCMOS33             |       | 8        | SLOW |              |          |          |
| an_n<2>                            | IOB              | OUTPUT    | LVCMOS33             |       | 8        | SLOW |              |          |          |
| an_n<3>                            | IOB              | OUTPUT    | LVCMOS33             |       | 8        | SLOW |              |          |          |
| btn_reset                          | IOB              | INPUT     | LVCMOS33             |       |          |      |              |          |          |
| clk_100mhz                         | IOB              | INPUT     | LVCMOS33             |       |          |      |              |          |          |
| led_heartbeat                      | IOB              | OUTPUT    | LVCMOS33             |       | 8        | SLOW |              |          |          |
| led_reset                          | IOB              | OUTPUT    | LVCMOS33             |       | 8        | SLOW |              |          |          |
| seg_n<0>                           | IOB              | OUTPUT    | LVCMOS33             |       | 8        | SLOW |              |          |          |
| seg_n<1>                           | IOB              | OUTPUT    | LVCMOS33             |       | 8        | SLOW |              |          |          |
| seg_n<2>                           | IOB              | OUTPUT    | LVCMOS33             |       | 8        | SLOW |              |          |          |
| seg_n<3>                           | IOB              | OUTPUT    | LVCMOS33             |       | 8        | SLOW |              |          |          |
| seg_n<4>                           | IOB              | OUTPUT    | LVCMOS33             |       | 8        | SLOW |              |          |          |
| seg_n<5>                           | IOB              | OUTPUT    | LVCMOS33             |       | 8        | SLOW |              |          |          |
| seg_n<6>                           | IOB              | OUTPUT    | LVCMOS33             |       | 8        | SLOW |              |          |          |
| seg_n<7>                           | IOB              | OUTPUT    | LVCMOS33             |       | 8        | SLOW |              |          |          |
| uart_tx                            | IOB              | OUTPUT    | LVCMOS33             |       | 8        | SLOW |              |          |          |
+---------------------------------------------------------------------------------------------------------------------------------------------------------+

Section 7 - RPMs
----------------

Section 8 - Guide Report
------------------------
Guide not run on this design.

Section 9 - Area Group and Partition Summary
--------------------------------------------

Partition Implementation Status
-------------------------------

  No Partitions were found in this design.

-------------------------------

Area Group Information
----------------------

  No area groups were found in this design.

----------------------

Section 10 - Timing Report
--------------------------
A logic-level (pre-route) timing report can be generated by using Xilinx static
timing analysis tools, Timing Analyzer (GUI) or TRCE (command line), with the
mapped NCD and PCF files. Please note that this timing report will be generated
using estimated delay information. For accurate numbers, please generate a
timing report with the post Place and Route NCD file.

For more information about the Timing Analyzer, consult the Xilinx Timing
Analyzer Reference Manual; for more information about TRCE, consult the Xilinx
Command Line Tools User Guide "TRACE" chapter.

Section 11 - Configuration String Details
-----------------------------------------
Use the "-detail" map option to print out Configuration Strings

Section 12 - Control Set Information
------------------------------------
Use the "-detail" map option to print out Control Set Information.

Section 13 - Utilization by Hierarchy
-------------------------------------
Use the "-detail" map option to print out the Utilization by Hierarchy section.
