Release 14.7 - par P.20131013 (lin64)
Copyright (c) 1995-2013 Xilinx, Inc.  All rights reserved.



Constraints file: p6_h2.pcf.
Loading device for application Rf_Device from file '6slx16.nph' in environment
/mnt/xilinx-ise14.7/Xilinx/14.7/ISE_DS/ISE/.
   "p6_nexys3_h2" is an NCD, version 3.2, device xc6slx16, package csg324, speed -2

Initializing temperature to 85.000 Celsius. (default - Range: 0.000 to 85.000 Celsius)
Initializing voltage to 1.140 Volts. (default - Range: 1.140 to 1.260 Volts)


Device speed data version:  "PRODUCTION 1.23 2013-10-13".



Device Utilization Summary:

Slice Logic Utilization:
  Number of Slice Registers:                 1,085 out of  18,224    5%
    Number used as Flip Flops:               1,081
    Number used as Latches:                      0
    Number used as Latch-thrus:                  0
    Number used as AND/OR logics:                4
  Number of Slice LUTs:                      1,650 out of   9,112   18%
    Number used as logic:                    1,542 out of   9,112   16%
      Number using O6 output only:           1,069
      Number using O5 output only:              75
      Number using O5 and O6:                  398
      Number used as ROM:                        0
    Number used as Memory:                       0 out of   2,176    0%
    Number used exclusively as route-thrus:    108
      Number with same-slice register load:     87
      Number with same-slice carry load:        21
      Number with other load:                    0

Slice Logic Distribution:
  Number of occupied Slices:                   649 out of   2,278   28%
  Number of MUXCYs used:                       528 out of   4,556   11%
  Number of LUT Flip Flop pairs used:        1,886
    Number with an unused Flip Flop:           978 out of   1,886   51%
    Number with an unused LUT:                 236 out of   1,886   12%
    Number of fully used LUT-FF pairs:         672 out of   1,886   35%
    Number of slice register sites lost
      to control set restrictions:               0 out of  18,224    0%

  A LUT Flip Flop pair for this architecture represents one LUT paired with
  one Flip Flop within a slice.  A control set is a unique combination of
  clock, reset, set, and enable signals for a registered element.
  The Slice Logic Distribution report is not meaningful if the design is
  over-mapped for a non-slice resource or if Placement fails.

IO Utilization:
  Number of bonded IOBs:                        17 out of     232    7%
    Number of LOCed IOBs:                       17 out of      17  100%

Specific Feature Utilization:
  Number of RAMB16BWERs:                         0 out of      32    0%
  Number of RAMB8BWERs:                          0 out of      64    0%
  Number of BUFIO2/BUFIO2_2CLKs:                 0 out of      32    0%
  Number of BUFIO2FB/BUFIO2FB_2CLKs:             0 out of      32    0%
  Number of BUFG/BUFGMUXs:                       1 out of      16    6%
    Number used as BUFGs:                        1
    Number used as BUFGMUX:                      0
  Number of DCM/DCM_CLKGENs:                     0 out of       4    0%
  Number of ILOGIC2/ISERDES2s:                   0 out of     248    0%
  Number of IODELAY2/IODRP2/IODRP2_MCBs:         0 out of     248    0%
  Number of OLOGIC2/OSERDES2s:                   0 out of     248    0%
  Number of BSCANs:                              0 out of       4    0%
  Number of BUFHs:                               0 out of     128    0%
  Number of BUFPLLs:                             0 out of       8    0%
  Number of BUFPLL_MCBs:                         0 out of       4    0%
  Number of DSP48A1s:                            0 out of      32    0%
  Number of ICAPs:                               0 out of       1    0%
  Number of MCBs:                                0 out of       2    0%
  Number of PCILOGICSEs:                         0 out of       2    0%
  Number of PLL_ADVs:                            0 out of       2    0%
  Number of PMVs:                                0 out of       1    0%
  Number of STARTUPs:                            0 out of       1    0%
  Number of SUSPEND_SYNCs:                       0 out of       1    0%


Overall effort level (-ol):   Standard 
Router effort level (-rl):    High 

Starting initial Timing Analysis.  REAL time: 2 secs 
Finished initial Timing Analysis.  REAL time: 2 secs 

Starting Router


Phase  1  : 8942 unrouted;      REAL time: 2 secs 

Phase  2  : 8128 unrouted;      REAL time: 2 secs 

Phase  3  : 2804 unrouted;      REAL time: 4 secs 

Phase  4  : 2804 unrouted; (Setup:0, Hold:0, Component Switching Limit:0)     REAL time: 5 secs 

Updating file: p6_h2_routed.ncd with current fully routed design.

Phase  5  : 0 unrouted; (Setup:0, Hold:0, Component Switching Limit:0)     REAL time: 7 secs 

Phase  6  : 0 unrouted; (Setup:0, Hold:0, Component Switching Limit:0)     REAL time: 7 secs 

Phase  7  : 0 unrouted; (Setup:0, Hold:0, Component Switching Limit:0)     REAL time: 7 secs 

Phase  8  : 0 unrouted; (Setup:0, Hold:0, Component Switching Limit:0)     REAL time: 7 secs 

Phase  9  : 0 unrouted; (Setup:0, Hold:0, Component Switching Limit:0)     REAL time: 7 secs 

Phase 10  : 0 unrouted; (Setup:0, Hold:0, Component Switching Limit:0)     REAL time: 7 secs 
Total REAL time to Router completion: 7 secs 
Total CPU time to Router completion: 7 secs 

Partition Implementation Status
-------------------------------

  No Partitions were found in this design.

-------------------------------

Generating "PAR" statistics.

**************************
Generating Clock Report
**************************

+---------------------+--------------+------+------+------------+-------------+
|        Clock Net    |   Resource   |Locked|Fanout|Net Skew(ns)|Max Delay(ns)|
+---------------------+--------------+------+------+------------+-------------+
|    clk_100mhz_BUFGP | BUFGMUX_X3Y13| No   |  284 |  0.062     |  1.135      |
+---------------------+--------------+------+------+------------+-------------+

* Net Skew is the difference between the minimum and maximum routing
only delays for the net. Note this is different from Clock Skew which
is reported in TRCE timing report. Clock Skew is the difference between
the minimum and maximum path delays which includes logic delays.

* The fanout is the number of component pins not the individual BEL loads,
for example SLICE loads not FF loads.

Timing Score: 0 (Setup: 0, Hold: 0, Component Switching Limit: 0)

Asterisk (*) preceding a constraint indicates it was not met.
   This may be due to a setup or hold violation.

----------------------------------------------------------------------------------------------------------
  Constraint                                |    Check    | Worst Case |  Best Case | Timing |   Timing   
                                            |             |    Slack   | Achievable | Errors |    Score   
----------------------------------------------------------------------------------------------------------
  TS_P6_CLK = PERIOD TIMEGRP "P6_CLK" 10 ns | SETUP       |     0.276ns|     9.724ns|       0|           0
   HIGH 50%                                 | HOLD        |     0.395ns|            |       0|           0
----------------------------------------------------------------------------------------------------------


All constraints were met.


Generating Pad Report.

All signals are completely routed.

Total REAL time to PAR completion: 7 secs 
Total CPU time to PAR completion: 7 secs 

Peak Memory Usage:  636 MB

Placer: Placement generated during map.
Routing: Completed - No errors found.
Timing: Completed - No errors found.

Number of error messages: 0
Number of warning messages: 0
Number of info messages: 0

Writing design to file p6_h2_routed.ncd



PAR done!
