QF6R,1,0000,0,000,0,000,000000,62000,002,0
QF6R,1,0000,1,000,0,000,000000,62000,007,0
QF6R,1,0000,2,000,0,000,000000,62000,008,0
QF6R,1,0000,3,000,1,000,000000,62000,008,0
QF6R,1,0000,4,000,0,000,000000,62000,010,0
QF6R,1,0001,0,000,0,001,000000,62000,002,0
QF6R,1,0001,1,000,0,001,000000,62000,007,0
QF6R,1,0001,2,000,0,001,000000,62000,008,0
QF6R,1,0001,3,000,1,001,000000,62000,008,0
QF6R,1,0001,4,000,0,001,000000,62000,010,0
QF6R,1,0002,0,000,0,001,000000,62000,002,0
QF6R,1,0002,1,000,0,000,000000,62000,109,0
QF6R,1,0002,2,000,0,000,000000,62000,110,0
QF6R,1,0002,3,000,1,000,000000,62000,110,0
QF6R,1,0002,4,000,0,000,000000,62000,112,0
QF6R,1,0003,0,000,0,255,000000,00000,002,1
QF6R,1,0003,1,000,0,255,000000,00000,006,1
QF6R,1,0003,2,000,0,255,000000,00000,007,1
QF6R,1,0003,3,000,1,255,000000,00000,007,1
QF6R,1,0003,4,000,0,255,000000,00000,009,1
QF6R,1,0004,0,000,0,255,000000,00000,001,2
QF6R,1,0004,1,000,0,255,000000,00000,001,2
QF6R,1,0004,2,000,0,255,000000,00000,001,2
QF6R,1,0004,3,000,0,255,000000,00000,001,2
QF6R,1,0004,4,000,0,255,000000,00000,001,2
QF6R,1,0005,0,000,0,000,000000,62000,002,0
QF6R,1,0005,1,000,0,000,000000,62000,007,0
QF6R,1,0005,2,000,0,000,000000,62000,008,0
QF6R,1,0005,3,000,1,000,000000,62000,008,0
QF6R,1,0005,4,000,0,000,000000,62000,010,0
QF6R,1,0006,0,080,0,000,000000,62000,002,0
QF6R,1,0006,1,080,0,000,000000,62000,007,0
QF6R,1,0006,2,080,0,000,000000,62000,008,0
QF6R,1,0006,3,080,2,000,000000,62000,008,0
QF6R,1,0006,4,080,0,000,000000,62000,010,0
QF6R,1,0007,0,098,0,000,000000,62000,002,0
QF6R,1,0007,1,098,0,000,000000,62000,007,0
QF6R,1,0007,2,098,0,000,000000,62000,008,0
QF6R,1,0007,3,098,1,000,000000,62000,008,0
QF6R,1,0007,4,098,0,000,000000,62000,010,0
QF6R,1,0008,0,173,0,000,000000,62000,002,0
QF6R,1,0008,1,173,0,000,000000,62000,007,0
QF6R,1,0008,2,173,0,000,000000,62000,008,0
QF6R,1,0008,3,173,3,000,000000,62000,008,0
QF6R,1,0008,4,173,1,000,000000,62000,010,0
QF6R,1,0009,0,164,0,000,000000,62000,002,0
QF6R,1,0009,1,164,0,000,000000,62000,007,0
QF6R,1,0009,2,164,0,000,000000,62000,008,0
QF6R,1,0009,3,164,0,000,000000,62000,008,0
QF6R,1,0009,4,164,1,000,000000,62000,010,0
QF6R,1,0010,0,000,0,000,000000,62000,002,0
QF6R,1,0010,1,000,0,000,000000,62000,007,0
QF6R,1,0010,2,000,0,000,000000,62000,008,0
QF6R,1,0010,3,000,1,000,000000,62000,008,0
QF6R,1,0010,4,000,0,000,000000,62000,010,0
QF6R,1,0011,0,025,0,000,000000,62000,002,0
QF6R,1,0011,1,025,0,000,000000,62000,007,0
QF6R,1,0011,2,025,0,000,000000,62000,008,0
QF6R,1,0011,3,025,1,000,000000,62000,008,0
QF6R,1,0011,4,025,0,000,000000,62000,010,0
QF6R,1,0012,0,025,0,000,000000,62000,002,0
QF6R,1,0012,1,025,0,000,000000,62000,007,0
QF6R,1,0012,2,025,0,000,000000,62000,008,0
QF6R,1,0012,3,025,1,000,000000,62000,008,0
QF6R,1,0012,4,025,0,000,000000,62000,010,0
QF6R,1,0013,0,025,0,000,000000,62000,002,0
QF6R,1,0013,1,025,0,000,000000,62000,007,0
QF6R,1,0013,2,025,0,000,000000,62000,008,0
QF6R,1,0013,3,025,1,000,000000,62000,008,0
QF6R,1,0013,4,025,1,000,000000,62000,010,0
QF6R,1,0014,0,017,0,000,000000,62000,002,0
QF6R,1,0014,1,017,0,000,000000,62000,007,0
QF6R,1,0014,2,017,0,000,000000,62000,008,0
QF6R,1,0014,3,017,1,000,000000,62000,008,0
QF6R,1,0014,4,017,1,000,000000,62000,010,0
QF6R,1,0015,0,017,0,000,000000,62000,002,0
QF6R,1,0015,1,017,0,000,000000,62000,007,0
QF6R,1,0015,2,017,0,000,000000,62000,008,0
QF6R,1,0015,3,017,1,000,000000,62000,008,0
QF6R,1,0015,4,017,1,000,000000,62000,010,0
QF6R,1,0016,0,017,0,000,000000,62000,002,0
QF6R,1,0016,1,017,0,000,000000,62000,007,0
QF6R,1,0016,2,017,0,000,000000,62000,008,0
QF6R,1,0016,3,017,1,000,000000,62000,008,0
QF6R,1,0016,4,017,2,000,000000,62000,010,0
QF6R,1,0017,0,104,0,000,000000,62000,002,0
QF6R,1,0017,1,104,0,000,000000,62000,007,0
QF6R,1,0017,2,104,0,000,000000,62000,008,0
QF6R,1,0017,3,104,0,000,000000,62000,008,0
QF6R,1,0017,4,104,2,000,000000,62000,010,0
QF6R,1,0018,0,104,0,000,000000,62000,002,0
QF6R,1,0018,1,104,0,000,000000,62000,007,0
QF6R,1,0018,2,104,0,000,000000,62000,008,0
QF6R,1,0018,3,104,0,000,000000,62000,008,0
QF6R,1,0018,4,104,2,000,000000,62000,010,0
QF6R,1,0019,0,104,0,000,000000,62000,002,0
QF6R,1,0019,1,104,0,000,000000,62000,007,0
QF6R,1,0019,2,104,0,000,000000,62000,008,0
QF6R,1,0019,3,104,0,000,000000,62000,008,0
QF6R,1,0019,4,104,3,000,000000,62000,010,0
QF6R,1,1000,0,040,0,000,000000,61286,002,0
QF6R,1,1000,1,040,0,000,000000,61286,309,0
QF6R,1,1000,2,040,0,000,130948,61286,310,0
QF6R,1,1000,3,040,1,000,065474,61286,310,0
QF6R,1,1000,4,040,0,000,130948,61286,312,0
QF6R,1,1001,0,036,0,000,000000,62212,002,0
QF6R,1,1001,1,036,0,001,000000,61234,309,0
QF6R,1,1001,2,036,0,001,130936,61234,310,0
QF6R,1,1001,3,036,1,001,065468,61234,310,0
QF6R,1,1001,4,036,0,001,130936,61234,312,0
QF6R,1,1002,0,100,0,001,000000,61275,002,0
QF6R,1,1002,1,100,0,000,000000,62862,309,0
QF6R,1,1002,2,100,0,000,065531,62862,310,0
QF6R,1,1002,3,100,0,000,065531,62862,310,0
QF6R,1,1002,4,100,0,000,065531,62862,312,0
QF6R,1,1003,0,100,0,000,000000,61520,002,0
QF6R,1,1003,1,100,0,000,000000,61520,007,0
QF6R,1,1003,2,100,0,000,000000,61520,008,0
QF6R,1,1003,3,100,0,000,000000,61520,008,0
QF6R,1,1003,4,100,1,000,000000,61520,010,0
QF6R,1,1004,0,054,0,000,000000,62449,002,0
QF6R,1,1004,1,054,0,000,000000,62449,309,0
QF6R,1,1004,2,054,0,000,124828,62449,310,0
QF6R,1,1004,3,054,1,000,062414,62449,310,0
QF6R,1,1004,4,054,1,000,062414,62449,312,0
QF6R,1,1005,0,117,0,000,000000,63702,002,0
QF6R,1,1005,1,117,0,001,000000,63661,309,0
QF6R,1,1005,2,117,0,001,127950,63661,310,0
QF6R,1,1005,3,117,0,001,127950,63661,310,0
QF6R,1,1005,4,117,1,001,063975,63661,312,0
QF6R,1,1006,0,037,0,000,000000,63058,002,0
QF6R,1,1006,1,037,0,000,000000,63058,309,0
QF6R,1,1006,2,037,0,000,000000,63058,310,0
QF6R,1,1006,3,037,1,000,000000,63058,310,0
QF6R,1,1006,4,037,0,000,000000,63058,312,0
QF6R,1,1007,0,166,0,255,000000,00000,002,1
QF6R,1,1007,1,166,0,255,000000,00000,006,1
QF6R,1,1007,2,166,0,255,000000,00000,007,1
QF6R,1,1007,3,166,1,255,000000,00000,007,1
QF6R,1,1007,4,166,0,255,000000,00000,009,1
QF6R,1,1008,0,037,0,000,000000,62463,002,0
QF6R,1,1008,1,037,0,000,000000,62463,309,0
QF6R,1,1008,2,037,0,000,130844,62463,310,0
QF6R,1,1008,3,037,1,001,065515,63040,310,0
QF6R,1,1008,4,037,0,000,130844,62463,312,0
QF6R,1,1009,0,057,0,001,000000,64393,002,0
QF6R,1,1009,1,057,0,001,000000,64393,309,0
QF6R,1,1009,2,057,0,001,000000,64393,310,0
QF6R,1,1009,3,057,1,001,000000,64393,310,0
QF6R,1,1009,4,057,0,001,000000,64393,312,0
QF6R,1,1010,0,085,0,000,000000,60475,002,0
QF6R,1,1010,1,085,0,000,000000,60475,309,0
QF6R,1,1010,2,085,0,000,065529,60475,310,0
QF6R,1,1010,3,085,2,000,065529,60475,310,0
QF6R,1,1010,4,085,2,000,065529,60475,312,0
QF6R,1,1011,0,166,0,001,000000,63744,002,0
QF6R,1,1011,1,166,0,001,000000,63744,007,0
QF6R,1,1011,2,166,0,001,000000,63744,008,0
QF6R,1,1011,3,166,1,001,000000,63744,008,0
QF6R,1,1011,4,166,2,001,000000,63744,010,0
QF6R,1,1012,0,038,0,001,000000,62094,002,0
QF6R,1,1012,1,038,0,000,000000,62648,309,0
QF6R,1,1012,2,038,0,000,000000,62648,310,0
QF6R,1,1012,3,038,1,000,000000,62648,310,0
QF6R,1,1012,4,038,2,000,000000,62648,312,0
QF6R,1,1013,0,101,0,000,000000,62457,002,0
QF6R,1,1013,1,101,0,001,000000,60407,309,0
QF6R,1,1013,2,101,0,001,131006,60407,310,0
QF6R,1,1013,3,101,0,001,131006,60407,310,0
QF6R,1,1013,4,101,0,001,131006,60407,312,0
QF6R,1,1014,0,085,0,001,000000,60269,002,0
QF6R,1,1014,1,085,0,000,000000,61847,309,0
QF6R,1,1014,2,085,0,000,000000,61847,310,0
QF6R,1,1014,3,085,2,000,000000,61847,310,0
QF6R,1,1014,4,085,0,000,000000,61847,312,0
QF6R,1,1015,0,000,0,255,000000,00000,001,2
QF6R,1,1015,1,000,0,255,000000,00000,001,2
QF6R,1,1015,2,000,0,255,000000,00000,001,2
QF6R,1,1015,3,000,0,255,000000,00000,001,2
QF6R,1,1015,4,000,0,255,000000,00000,001,2
QF6R,1,1016,0,133,0,000,000000,59981,002,0
QF6R,1,1016,1,133,0,000,000000,59981,309,0
QF6R,1,1016,2,133,0,000,000000,59981,310,0
QF6R,1,1016,3,133,2,000,000000,59981,310,0
QF6R,1,1016,4,133,0,000,000000,59981,312,0
QF6R,1,1017,0,138,0,001,000000,59847,002,0
QF6R,1,1017,1,138,0,001,000000,59847,309,0
QF6R,1,1017,2,138,0,001,065532,59847,310,0
QF6R,1,1017,3,138,2,001,065532,59847,310,0
QF6R,1,1017,4,138,0,001,065532,59847,312,0
QF6R,1,1018,0,154,0,001,000000,59232,002,0
QF6R,1,1018,1,154,0,000,000000,61098,309,0
QF6R,1,1018,2,154,0,000,065530,61098,310,0
QF6R,1,1018,3,154,2,000,065530,61098,310,0
QF6R,1,1018,4,154,3,000,065530,61098,312,0
QF6R,1,1019,0,182,0,000,000000,65080,002,0
QF6R,1,1019,1,182,0,000,000000,65080,007,0
QF6R,1,1019,2,182,0,000,000000,65080,008,0
QF6R,1,1019,3,182,1,000,000000,65080,008,0
QF6R,1,1019,4,182,3,000,000000,65080,010,0
QF6R,1,1020,0,134,0,001,000000,59499,002,0
QF6R,1,1020,1,134,0,000,000000,59813,309,0
QF6R,1,1020,2,134,0,000,000000,59813,310,0
QF6R,1,1020,3,134,2,000,000000,59813,310,0
QF6R,1,1020,4,134,3,000,000000,59813,312,0
QF6R,1,1021,0,148,0,000,000000,61252,002,0
QF6R,1,1021,1,148,0,001,000000,60118,309,0
QF6R,1,1021,2,148,0,001,130954,60118,310,0
QF6R,1,1021,3,148,2,000,065524,61252,310,0
QF6R,1,1021,4,148,2,000,065524,61252,312,0
QF6R,1,1022,0,164,0,001,000000,62213,002,0
QF6R,1,1022,1,164,0,000,000000,59603,309,0
QF6R,1,1022,2,164,0,000,131020,59603,310,0
QF6R,1,1022,3,164,0,000,131020,59603,310,0
QF6R,1,1022,4,164,2,001,065531,62213,312,0
QF6R,1,1023,0,181,0,255,000000,00000,002,1
QF6R,1,1023,1,181,0,255,000000,00000,006,1
QF6R,1,1023,2,181,0,255,000000,00000,007,1
QF6R,1,1023,3,181,0,255,000000,00000,007,1
QF6R,1,1023,4,181,2,255,000000,00000,009,1
QF6R,1,1024,0,133,0,001,000000,59372,002,0
QF6R,1,1024,1,133,0,000,000000,58982,309,0
QF6R,1,1024,2,133,0,000,130734,58982,310,0
QF6R,1,1024,3,133,2,001,065508,59372,310,0
QF6R,1,1024,4,133,0,000,130734,58982,312,0
QF6R,1,1025,0,150,0,000,000000,58982,002,0
QF6R,1,1025,1,150,0,001,000000,58982,209,0
QF6R,1,1025,2,150,0,001,000000,58982,210,0
QF6R,1,1025,3,150,2,001,000000,58982,210,0
QF6R,1,1025,4,150,0,001,000000,58982,212,0
QF6R,1,1026,0,168,0,000,000000,62312,002,0
QF6R,1,1026,1,168,0,000,000000,62312,309,0
QF6R,1,1026,2,168,0,000,130790,62312,310,0
QF6R,1,1026,3,168,0,000,130790,62312,310,0
QF6R,1,1026,4,168,0,000,130790,62312,312,0
QF6R,1,1027,0,185,0,001,000000,63446,002,0
QF6R,1,1027,1,185,0,001,000000,63446,007,0
QF6R,1,1027,2,185,0,001,000000,63446,008,0
QF6R,1,1027,3,185,0,001,000000,63446,008,0
QF6R,1,1027,4,185,2,001,000000,63446,010,0
QF6R,1,1028,0,070,0,001,000000,58982,002,0
QF6R,1,1028,1,070,0,000,000000,60703,309,0
QF6R,1,1028,2,070,0,000,065532,60703,310,0
QF6R,1,1028,3,070,2,000,065532,60703,310,0
QF6R,1,1028,4,070,2,000,065532,60703,312,0
QF6R,1,1029,0,089,0,000,000000,59515,002,0
QF6R,1,1029,1,089,0,001,000000,58982,309,0
QF6R,1,1029,2,089,0,001,130824,58982,310,0
QF6R,1,1029,3,089,2,000,065495,59515,310,0
QF6R,1,1029,4,089,2,000,065495,59515,312,0
QF6R,1,1030,0,166,0,000,000000,62328,002,0
QF6R,1,1030,1,166,0,000,000000,62328,309,0
QF6R,1,1030,2,166,0,000,130468,62328,310,0
QF6R,1,1030,3,166,1,000,065234,62328,310,0
QF6R,1,1030,4,166,3,000,065234,62328,312,0
QF6R,1,1031,0,180,0,001,000000,61982,002,0
QF6R,1,1031,1,180,0,001,000000,61982,309,0
QF6R,1,1031,2,180,0,001,130946,61982,310,0
QF6R,1,1031,3,180,0,001,130946,61982,310,0
QF6R,1,1031,4,180,3,001,065534,61982,312,0
QF6R,1,1032,0,160,0,000,000000,60167,002,0
QF6R,1,1032,1,160,0,000,000000,60167,309,0
QF6R,1,1032,2,160,0,000,131010,60167,310,0
QF6R,1,1032,3,160,0,000,131010,60167,310,0
QF6R,1,1032,4,160,3,000,065528,60167,312,0
QF6R,1,1033,0,165,0,000,000000,62473,002,0
QF6R,1,1033,1,165,0,001,000000,61948,309,0
QF6R,1,1033,2,165,0,001,130820,61948,310,0
QF6R,1,1033,3,165,0,001,130820,61948,310,0
QF6R,1,1033,4,165,0,001,130820,61948,312,0
QF6R,1,1034,0,186,0,000,000000,62513,002,0
QF6R,1,1034,1,186,0,000,000000,62513,309,0
QF6R,1,1034,2,186,0,000,131026,62513,310,0
QF6R,1,1034,3,186,1,001,065524,65535,310,0
QF6R,1,1034,4,186,0,000,131026,62513,312,0
QF6R,1,1035,0,191,0,000,000000,65242,002,0
QF6R,1,1035,1,191,0,000,000000,65242,007,0
QF6R,1,1035,2,191,0,000,000000,65242,008,0
QF6R,1,1035,3,191,1,000,000000,65242,008,0
QF6R,1,1035,4,191,0,000,000000,65242,010,0
QF6R,1,1036,0,160,0,001,000000,62141,002,0
QF6R,1,1036,1,160,0,000,000000,59445,309,0
QF6R,1,1036,2,160,0,000,131022,59445,310,0
QF6R,1,1036,3,160,0,000,131022,59445,310,0
QF6R,1,1036,4,160,1,000,065511,59445,312,0
QF6R,1,1037,0,165,0,000,000000,60264,002,0
QF6R,1,1037,1,165,0,001,000000,60678,309,0
QF6R,1,1037,2,165,0,001,000000,60678,310,0
QF6R,1,1037,3,165,0,001,000000,60678,310,0
QF6R,1,1037,4,165,1,001,000000,60678,312,0
QF6R,1,1038,0,106,0,000,000000,62659,002,0
QF6R,1,1038,1,106,0,000,000000,62659,309,0
QF6R,1,1038,2,106,0,000,065532,62659,310,0
QF6R,1,1038,3,106,1,001,065523,61295,310,0
QF6R,1,1038,4,106,1,001,065523,61295,312,0
QF6R,1,1039,0,111,0,255,000000,00000,002,1
QF6R,1,1039,1,111,0,255,000000,00000,006,1
QF6R,1,1039,2,111,0,255,000000,00000,007,1
QF6R,1,1039,3,111,1,255,000000,00000,007,1
QF6R,1,1039,4,111,0,255,000000,00000,009,1
QF6R,1,1040,0,176,0,001,000000,62742,002,0
QF6R,1,1040,1,176,0,000,000000,63736,309,0
QF6R,1,1040,2,176,0,000,000000,63736,310,0
QF6R,1,1040,3,176,0,000,000000,63736,310,0
QF6R,1,1040,4,176,0,000,000000,63736,312,0
QF6R,1,1041,0,165,0,001,000000,63101,002,0
QF6R,1,1041,1,165,0,001,000000,63101,309,0
QF6R,1,1041,2,165,0,001,065528,63101,310,0
QF6R,1,1041,3,165,0,001,065528,63101,310,0
QF6R,1,1041,4,165,0,001,065528,63101,312,0
QF6R,1,1042,0,186,0,001,000000,62923,002,0
QF6R,1,1042,1,186,0,000,000000,64352,309,0
QF6R,1,1042,2,186,0,000,000000,64352,310,0
QF6R,1,1042,3,186,1,000,000000,64352,310,0
QF6R,1,1042,4,186,2,000,000000,64352,312,0
QF6R,1,1043,0,175,0,001,000000,60556,002,0
QF6R,1,1043,1,175,0,001,000000,60556,007,0
QF6R,1,1043,2,175,0,001,000000,60556,008,0
QF6R,1,1043,3,175,1,001,000000,60556,008,0
QF6R,1,1043,4,175,2,001,000000,60556,010,0
QF6R,1,1044,0,144,0,000,000000,60662,002,0
QF6R,1,1044,1,144,0,000,000000,60662,309,0
QF6R,1,1044,2,144,0,000,131004,60662,310,0
QF6R,1,1044,3,144,2,001,065531,62642,310,0
QF6R,1,1044,4,144,2,001,065531,62642,312,0
QF6R,1,1045,0,181,0,001,000000,62691,002,0
QF6R,1,1045,1,181,0,001,000000,62691,309,0
QF6R,1,1045,2,181,0,001,130430,62691,310,0
QF6R,1,1045,3,181,0,001,130430,62691,310,0
QF6R,1,1045,4,181,0,001,130430,62691,312,0
QF6R,1,1046,0,170,0,000,000000,60356,002,0
QF6R,1,1046,1,170,0,000,000000,60356,309,0
QF6R,1,1046,2,170,0,000,130904,60356,310,0
QF6R,1,1046,3,170,1,000,065452,60356,310,0
QF6R,1,1046,4,170,0,000,130904,60356,312,0
QF6R,1,1047,0,000,0,255,000000,00000,001,2
QF6R,1,1047,1,000,0,255,000000,00000,001,2
QF6R,1,1047,2,000,0,255,000000,00000,001,2
QF6R,1,1047,3,000,0,255,000000,00000,001,2
QF6R,1,1047,4,000,0,255,000000,00000,001,2
QF6R,1,1048,0,027,0,001,000000,60865,002,0
QF6R,1,1048,1,027,0,000,000000,59537,309,0
QF6R,1,1048,2,027,0,000,130972,59537,310,0
QF6R,1,1048,3,027,1,001,065524,60865,310,0
QF6R,1,1048,4,027,0,000,130972,59537,312,0
QF6R,1,1049,0,197,0,001,000000,58982,002,0
QF6R,1,1049,1,197,0,001,000000,58982,209,0
QF6R,1,1049,2,197,0,001,000000,58982,210,0
QF6R,1,1049,3,197,2,001,000000,58982,210,0
QF6R,1,1049,4,197,0,001,000000,58982,212,0
QF6R,1,1050,0,091,0,001,000000,58982,002,0
QF6R,1,1050,1,091,0,000,000000,58982,209,0
QF6R,1,1050,2,091,0,000,000000,58982,210,0
QF6R,1,1050,3,091,2,000,000000,58982,210,0
QF6R,1,1050,4,091,2,000,000000,58982,212,0
QF6R,1,1051,0,016,0,000,000000,60768,002,0
QF6R,1,1051,1,016,0,000,000000,60768,007,0
QF6R,1,1051,2,016,0,000,000000,60768,008,0
QF6R,1,1051,3,016,1,000,000000,60768,008,0
QF6R,1,1051,4,016,2,000,000000,60768,010,0
QF6R,1,1052,0,177,0,001,000000,65032,002,0
QF6R,1,1052,1,177,0,000,000000,64910,309,0
QF6R,1,1052,2,177,0,000,130004,64910,310,0
QF6R,1,1052,3,177,0,000,130004,64910,310,0
QF6R,1,1052,4,177,2,001,065534,65032,312,0
QF6R,1,1053,0,118,0,000,000000,65535,002,0
QF6R,1,1053,1,118,0,001,000000,63593,309,0
QF6R,1,1053,2,118,0,001,131002,63593,310,0
QF6R,1,1053,3,118,1,000,065522,65535,310,0
QF6R,1,1053,4,118,0,001,131002,63593,312,0
QF6R,1,1054,0,176,0,001,000000,64712,002,0
QF6R,1,1054,1,176,0,000,000000,61827,309,0
QF6R,1,1054,2,176,0,000,131024,61827,310,0
QF6R,1,1054,3,176,0,000,131024,61827,310,0
QF6R,1,1054,4,176,0,000,131024,61827,312,0
QF6R,1,1055,0,172,0,255,000000,00000,002,1
QF6R,1,1055,1,172,0,255,000000,00000,006,1
QF6R,1,1055,2,172,0,255,000000,00000,007,1
QF6R,1,1055,3,172,3,255,000000,00000,007,1
QF6R,1,1055,4,172,0,255,000000,00000,009,1
QF6R,1,1056,0,076,0,000,000000,59367,002,0
QF6R,1,1056,1,076,0,000,000000,59367,309,0
QF6R,1,1056,2,076,0,000,000000,59367,310,0
QF6R,1,1056,3,076,2,000,000000,59367,310,0
QF6R,1,1056,4,076,0,000,000000,59367,312,0
QF6R,1,1057,0,050,0,000,000000,64570,002,0
QF6R,1,1057,1,050,0,001,000000,63931,309,0
QF6R,1,1057,2,050,0,001,130866,63931,310,0
QF6R,1,1057,3,050,1,001,065433,63931,310,0
QF6R,1,1057,4,050,0,001,130866,63931,312,0
QF6R,1,1058,0,223,0,001,000000,58982,002,0
QF6R,1,1058,1,223,0,000,000000,61413,309,0
QF6R,1,1058,2,223,0,000,000000,61413,310,0
QF6R,1,1058,3,223,2,000,000000,61413,310,0
QF6R,1,1058,4,223,3,000,000000,61413,312,0
QF6R,1,1059,0,002,0,001,000000,58982,002,0
QF6R,1,1059,1,002,0,001,000000,58982,007,0
QF6R,1,1059,2,002,0,001,000000,58982,008,0
QF6R,1,1059,3,002,1,001,000000,58982,008,0
QF6R,1,1059,4,002,3,001,000000,58982,010,0
QF6R,1,1060,0,071,0,000,000000,58982,002,0
QF6R,1,1060,1,071,0,000,000000,58982,209,0
QF6R,1,1060,2,071,0,000,000000,58982,210,0
QF6R,1,1060,3,071,2,000,000000,58982,210,0
QF6R,1,1060,4,071,3,000,000000,58982,212,0
QF6R,1,1061,0,112,0,000,000000,63990,002,0
QF6R,1,1061,1,112,0,001,000000,64427,309,0
QF6R,1,1061,2,112,0,001,000000,64427,310,0
QF6R,1,1061,3,112,0,001,000000,64427,310,0
QF6R,1,1061,4,112,0,001,000000,64427,312,0
QF6R,1,1062,0,168,0,000,000000,62081,002,0
QF6R,1,1062,1,168,0,000,000000,62081,309,0
QF6R,1,1062,2,168,0,000,130922,62081,310,0
QF6R,1,1062,3,168,0,000,130922,62081,310,0
QF6R,1,1062,4,168,0,000,130922,62081,312,0
QF6R,1,1063,0,237,0,000,000000,63277,002,0
QF6R,1,1063,1,237,0,001,000000,63930,309,0
QF6R,1,1063,2,237,0,001,000000,63930,310,0
QF6R,1,1063,3,237,3,001,000000,63930,310,0
QF6R,1,1063,4,237,0,001,000000,63930,312,0
P6_UART_BIT_LEVEL=18480_OF_18480_BYTES_PASS
/media/shahriar-rizvi/15ff04dd-7d57-4f19-9c76-148a0b65e70d1/QFlow_RL_Nexys3_Workspace/thesis-qcnfpga/sim/spartan6/tb_p6_uart_byte_stream.v:72: $finish called at 1884981500000 (1ps)
