Release 14.7 - xst P.20131013 (lin64)
Copyright (c) 1995-2013 Xilinx, Inc.  All rights reserved.
--> 

TABLE OF CONTENTS
  1) Synthesis Options Summary
  2) HDL Parsing
  3) HDL Elaboration
  4) HDL Synthesis
       4.1) HDL Synthesis Report
  5) Advanced HDL Synthesis
       5.1) Advanced HDL Synthesis Report
  6) Low Level Synthesis
  7) Partition Report
  8) Design Summary
       8.1) Primitive and Black Box Usage
       8.2) Device utilization summary
       8.3) Partition Resource Summary
       8.4) Timing Report
            8.4.1) Clock Information
            8.4.2) Asynchronous Control Signals Information
            8.4.3) Timing Summary
            8.4.4) Timing Details
            8.4.5) Cross Clock Domains Report


=========================================================================
*                      Synthesis Options Summary                        *
=========================================================================
---- Source Parameters
Input File Name                    : "p5_b1.prj"
Input Format                       : mixed
Ignore Synthesis Constraint File   : NO

---- Target Parameters
Output File Name                   : "p5_b1"
Output Format                      : NGC
Target Device                      : xc6slx16-2-csg324

---- Source Options
Top Module Name                    : p5_b1_top
Safe Implementation                : No
Automatic FSM Extraction           : YES
FSM Encoding Algorithm             : Auto
FSM Style                          : LUT
RAM Extraction                     : Yes
RAM Style                          : Auto
ROM Extraction                     : Yes
ROM Style                          : Auto
Shift Register Extraction          : YES
Resource Sharing                   : YES
Asynchronous To Synchronous        : NO
Use DSP Block                      : Auto
Automatic Register Balancing       : No

---- Target Options
Add IO Buffers                     : YES
Global Maximum Fanout              : 100000
Add Generic Clock Buffer(BUFG)     : 16
Register Duplication               : YES
Optimize Instantiated Primitives   : NO
Use Clock Enable                   : Auto
Use Synchronous Set                : Auto
Use Synchronous Reset              : Auto
Pack IO Registers into IOBs        : Auto
Equivalent register Removal        : YES

---- General Options
Optimization Goal                  : Speed
Optimization Effort                : 1
Power Reduction                    : NO
Keep Hierarchy                     : YES
Netlist Hierarchy                  : As_Optimized
RTL Output                         : Yes
Global Optimization                : AllClockNets
Read Cores                         : YES
Write Timing Constraints           : YES
Cross Clock Analysis               : NO
Hierarchy Separator                : /
Bus Delimiter                      : <>
Case Specifier                     : Maintain
Slice Utilization Ratio            : 100
BRAM Utilization Ratio             : 100
DSP48 Utilization Ratio            : 100
Slice Utilization Ratio Delta      : 5

=========================================================================


=========================================================================
*                          HDL Parsing                                  *
=========================================================================
Analyzing Verilog file "/home/shahriar-rizvi/Downloads/QFlow_P5_Step3_B1B_ISE_Build_097788bb_Attempt3/p5_b1_uart_tx.v" into library work
Parsing module <p5_b1_uart_tx>.
Analyzing Verilog file "/home/shahriar-rizvi/Downloads/QFlow_P5_Step3_B1B_ISE_Build_097788bb_Attempt3/p5_b1_sevenseg.v" into library work
Parsing module <p5_b1_sevenseg>.
Analyzing Verilog file "/home/shahriar-rizvi/Downloads/QFlow_P5_Step3_B1B_ISE_Build_097788bb_Attempt3/p5_b1_top.v" into library work
Parsing module <p5_b1_top>.

=========================================================================
*                            HDL Elaboration                            *
=========================================================================

Elaborating module <p5_b1_top>.
WARNING:HDLCompiler:413 - "/home/shahriar-rizvi/Downloads/QFlow_P5_Step3_B1B_ISE_Build_097788bb_Attempt3/p5_b1_top.v" Line 46: Result of 32-bit expression is truncated to fit in 8-bit target.

Elaborating module <p5_b1_sevenseg(SCAN_COUNTER_BITS=18)>.

Elaborating module <p5_b1_uart_tx(CLK_HZ=100000000,BAUD=115200)>.
WARNING:HDLCompiler:1127 - "/home/shahriar-rizvi/Downloads/QFlow_P5_Step3_B1B_ISE_Build_097788bb_Attempt3/p5_b1_top.v" Line 132: Assignment to uart_busy ignored, since the identifier is never used

=========================================================================
*                           HDL Synthesis                               *
=========================================================================

Synthesizing Unit <p5_b1_top>.
    Related source file is "/home/shahriar-rizvi/Downloads/QFlow_P5_Step3_B1B_ISE_Build_097788bb_Attempt3/p5_b1_top.v".
        CLK_HZ = 100000000
        UPDATE_HZ = 1
        UART_BAUD = 115200
        SCAN_COUNTER_BITS = 18
INFO:Xst:3210 - "/home/shahriar-rizvi/Downloads/QFlow_P5_Step3_B1B_ISE_Build_097788bb_Attempt3/p5_b1_top.v" line 125: Output port <busy> of the instance <uart_i> is unconnected or connected to loadless signal.
    Found 1-bit register for signal <led_reset>.
    Found 32-bit register for signal <update_divider>.
    Found 16-bit register for signal <counter_value>.
    Found 16-bit register for signal <record_value>.
    Found 1-bit register for signal <record_active>.
    Found 5-bit register for signal <record_index>.
    Found 1-bit register for signal <reset_meta>.
    Found 5-bit subtractor for signal <GND_1_o_GND_1_o_sub_3_OUT> created at line 46.
    Found 5-bit subtractor for signal <GND_1_o_GND_1_o_sub_8_OUT> created at line 46.
    Found 5-bit subtractor for signal <GND_1_o_GND_1_o_sub_13_OUT> created at line 46.
    Found 5-bit subtractor for signal <GND_1_o_GND_1_o_sub_18_OUT> created at line 46.
    Found 7-bit adder for signal <n0130[6:0]> created at line 44.
    Found 32-bit adder for signal <n0082> created at line 46.
    Found 7-bit adder for signal <n0134[6:0]> created at line 44.
    Found 32-bit adder for signal <n0086> created at line 46.
    Found 7-bit adder for signal <n0138[6:0]> created at line 44.
    Found 32-bit adder for signal <n0090> created at line 46.
    Found 7-bit adder for signal <n0142[6:0]> created at line 44.
    Found 32-bit adder for signal <n0094> created at line 46.
    Found 16-bit adder for signal <counter_value[15]_GND_1_o_add_41_OUT> created at line 92.
    Found 32-bit adder for signal <update_divider[31]_GND_1_o_add_46_OUT> created at line 98.
    Found 5-bit adder for signal <record_index[4]_GND_1_o_add_52_OUT> created at line 106.
    Found 4-bit comparator greater for signal <record_value[15]_PWR_1_o_LessThan_1_o> created at line 43
    Found 4-bit comparator greater for signal <record_value[11]_PWR_1_o_LessThan_6_o> created at line 43
    Found 4-bit comparator greater for signal <record_value[7]_PWR_1_o_LessThan_11_o> created at line 43
    Found 4-bit comparator greater for signal <record_value[3]_PWR_1_o_LessThan_16_o> created at line 43
    Summary:
	inferred  15 Adder/Subtractor(s).
	inferred  72 D-type flip-flop(s).
	inferred   4 Comparator(s).
	inferred   6 Multiplexer(s).
Unit <p5_b1_top> synthesized.

Synthesizing Unit <p5_b1_sevenseg>.
    Related source file is "/home/shahriar-rizvi/Downloads/QFlow_P5_Step3_B1B_ISE_Build_097788bb_Attempt3/p5_b1_sevenseg.v".
        SCAN_COUNTER_BITS = 18
    Found 18-bit register for signal <scan_counter>.
    Found 18-bit adder for signal <scan_counter[17]_GND_2_o_add_2_OUT> created at line 48.
    Found 4x4-bit Read Only RAM for signal <an_n>
    Found 16x7-bit Read Only RAM for signal <seg_n<6:0>>
    Found 1-bit 4-to-1 multiplexer for signal <nibble<3>> created at line 22.
    Found 1-bit 4-to-1 multiplexer for signal <nibble<2>> created at line 22.
    Found 1-bit 4-to-1 multiplexer for signal <nibble<1>> created at line 22.
    Found 1-bit 4-to-1 multiplexer for signal <nibble<0>> created at line 22.
    Summary:
	inferred   2 RAM(s).
	inferred   1 Adder/Subtractor(s).
	inferred  18 D-type flip-flop(s).
	inferred   4 Multiplexer(s).
Unit <p5_b1_sevenseg> synthesized.

Synthesizing Unit <p5_b1_uart_tx>.
    Related source file is "/home/shahriar-rizvi/Downloads/QFlow_P5_Step3_B1B_ISE_Build_097788bb_Attempt3/p5_b1_uart_tx.v".
        CLK_HZ = 100000000
        BAUD = 115200
    Found 4-bit register for signal <bit_index>.
    Found 10-bit register for signal <frame>.
    Found 1-bit register for signal <tx>.
    Found 1-bit register for signal <busy>.
    Found 32-bit register for signal <baud_counter>.
    Found 4-bit adder for signal <bit_index[3]_GND_3_o_add_5_OUT> created at line 48.
    Found 32-bit adder for signal <baud_counter[31]_GND_3_o_add_8_OUT> created at line 51.
    Found 1-bit 10-to-1 multiplexer for signal <bit_index[3]_X_3_o_Mux_6_o> created at line 48.
    Summary:
	inferred   2 Adder/Subtractor(s).
	inferred  48 D-type flip-flop(s).
	inferred   5 Multiplexer(s).
Unit <p5_b1_uart_tx> synthesized.

=========================================================================
HDL Synthesis Report

Macro Statistics
# RAMs                                                 : 2
 16x7-bit single-port Read Only RAM                    : 1
 4x4-bit single-port Read Only RAM                     : 1
# Adders/Subtractors                                   : 18
 16-bit adder                                          : 1
 18-bit adder                                          : 1
 32-bit adder                                          : 6
 4-bit adder                                           : 1
 5-bit adder                                           : 1
 5-bit subtractor                                      : 4
 7-bit adder                                           : 4
# Registers                                            : 13
 1-bit register                                        : 5
 10-bit register                                       : 1
 16-bit register                                       : 2
 18-bit register                                       : 1
 32-bit register                                       : 2
 4-bit register                                        : 1
 5-bit register                                        : 1
# Comparators                                          : 4
 4-bit comparator greater                              : 4
# Multiplexers                                         : 15
 1-bit 10-to-1 multiplexer                             : 1
 1-bit 2-to-1 multiplexer                              : 2
 1-bit 4-to-1 multiplexer                              : 4
 32-bit 2-to-1 multiplexer                             : 1
 4-bit 2-to-1 multiplexer                              : 1
 5-bit 2-to-1 multiplexer                              : 1
 8-bit 2-to-1 multiplexer                              : 5

=========================================================================

=========================================================================
*                       Advanced HDL Synthesis                          *
=========================================================================

WARNING:Xst:1710 - FF/Latch <frame_9> (without init value) has a constant value of 1 in block <uart_i>. This FF/Latch will be trimmed during the optimization process.

Synthesizing (advanced) Unit <p5_b1_sevenseg>.
The following registers are absorbed into counter <scan_counter>: 1 register on signal <scan_counter>.
INFO:Xst:3218 - HDL ADVISOR - The RAM <Mram_an_n> will be implemented on LUTs either because you have described an asynchronous read or because of currently unsupported block RAM features. If you have described an asynchronous read, making it synchronous would allow you to take advantage of available block RAM resources, for optimized device usage and improved timings. Please refer to your documentation for coding guidelines.
    -----------------------------------------------------------------------
    | ram_type           | Distributed                         |          |
    -----------------------------------------------------------------------
    | Port A                                                              |
    |     aspect ratio   | 4-word x 4-bit                      |          |
    |     weA            | connected to signal <GND>           | high     |
    |     addrA          | connected to signal <scan_counter>  |          |
    |     diA            | connected to signal <GND>           |          |
    |     doA            | connected to signal <an_n>          |          |
    -----------------------------------------------------------------------
INFO:Xst:3218 - HDL ADVISOR - The RAM <Mram_seg_n<6:0>> will be implemented on LUTs either because you have described an asynchronous read or because of currently unsupported block RAM features. If you have described an asynchronous read, making it synchronous would allow you to take advantage of available block RAM resources, for optimized device usage and improved timings. Please refer to your documentation for coding guidelines.
    -----------------------------------------------------------------------
    | ram_type           | Distributed                         |          |
    -----------------------------------------------------------------------
    | Port A                                                              |
    |     aspect ratio   | 16-word x 7-bit                     |          |
    |     weA            | connected to signal <GND>           | high     |
    |     addrA          | connected to signal <nibble>        |          |
    |     diA            | connected to signal <GND>           |          |
    |     doA            | connected to signal <seg_n>         |          |
    -----------------------------------------------------------------------
Unit <p5_b1_sevenseg> synthesized (advanced).

Synthesizing (advanced) Unit <p5_b1_top>.
The following registers are absorbed into counter <update_divider>: 1 register on signal <update_divider>.
The following registers are absorbed into counter <record_index>: 1 register on signal <record_index>.
The following registers are absorbed into counter <counter_value>: 1 register on signal <counter_value>.
Unit <p5_b1_top> synthesized (advanced).

Synthesizing (advanced) Unit <p5_b1_uart_tx>.
The following registers are absorbed into counter <baud_counter>: 1 register on signal <baud_counter>.
Unit <p5_b1_uart_tx> synthesized (advanced).

=========================================================================
Advanced HDL Synthesis Report

Macro Statistics
# RAMs                                                 : 2
 16x7-bit single-port distributed Read Only RAM        : 1
 4x4-bit single-port distributed Read Only RAM         : 1
# Adders/Subtractors                                   : 14
 16-bit adder                                          : 1
 4-bit adder                                           : 1
 5-bit subtractor                                      : 4
 7-bit adder                                           : 4
 8-bit adder                                           : 4
# Counters                                             : 5
 16-bit up counter                                     : 1
 18-bit up counter                                     : 1
 32-bit up counter                                     : 2
 5-bit up counter                                      : 1
# Registers                                            : 35
 Flip-Flops                                            : 35
# Comparators                                          : 4
 4-bit comparator greater                              : 4
# Multiplexers                                         : 13
 1-bit 10-to-1 multiplexer                             : 1
 1-bit 2-to-1 multiplexer                              : 2
 1-bit 4-to-1 multiplexer                              : 4
 4-bit 2-to-1 multiplexer                              : 1
 8-bit 2-to-1 multiplexer                              : 5

=========================================================================

=========================================================================
*                         Low Level Synthesis                           *
=========================================================================
WARNING:Xst:1710 - FF/Latch <frame_9> (without init value) has a constant value of 1 in block <p5_b1_uart_tx>. This FF/Latch will be trimmed during the optimization process.

Optimizing unit <p5_b1_top> ...

Optimizing unit <p5_b1_sevenseg> ...

Optimizing unit <p5_b1_uart_tx> ...
WARNING:Xst:1710 - FF/Latch <baud_counter_31> (without init value) has a constant value of 0 in block <uart_i>. This FF/Latch will be trimmed during the optimization process.
WARNING:Xst:1710 - FF/Latch <baud_counter_30> (without init value) has a constant value of 0 in block <uart_i>. This FF/Latch will be trimmed during the optimization process.
WARNING:Xst:1710 - FF/Latch <baud_counter_29> (without init value) has a constant value of 0 in block <uart_i>. This FF/Latch will be trimmed during the optimization process.
WARNING:Xst:1710 - FF/Latch <baud_counter_28> (without init value) has a constant value of 0 in block <uart_i>. This FF/Latch will be trimmed during the optimization process.
WARNING:Xst:1710 - FF/Latch <baud_counter_27> (without init value) has a constant value of 0 in block <uart_i>. This FF/Latch will be trimmed during the optimization process.
WARNING:Xst:1710 - FF/Latch <baud_counter_26> (without init value) has a constant value of 0 in block <uart_i>. This FF/Latch will be trimmed during the optimization process.
WARNING:Xst:1710 - FF/Latch <baud_counter_24> (without init value) has a constant value of 0 in block <uart_i>. This FF/Latch will be trimmed during the optimization process.
WARNING:Xst:1710 - FF/Latch <baud_counter_23> (without init value) has a constant value of 0 in block <uart_i>. This FF/Latch will be trimmed during the optimization process.
WARNING:Xst:1710 - FF/Latch <baud_counter_25> (without init value) has a constant value of 0 in block <uart_i>. This FF/Latch will be trimmed during the optimization process.
WARNING:Xst:1710 - FF/Latch <baud_counter_22> (without init value) has a constant value of 0 in block <uart_i>. This FF/Latch will be trimmed during the optimization process.
WARNING:Xst:1710 - FF/Latch <baud_counter_21> (without init value) has a constant value of 0 in block <uart_i>. This FF/Latch will be trimmed during the optimization process.
WARNING:Xst:1710 - FF/Latch <baud_counter_19> (without init value) has a constant value of 0 in block <uart_i>. This FF/Latch will be trimmed during the optimization process.
WARNING:Xst:1710 - FF/Latch <baud_counter_18> (without init value) has a constant value of 0 in block <uart_i>. This FF/Latch will be trimmed during the optimization process.
WARNING:Xst:1710 - FF/Latch <baud_counter_20> (without init value) has a constant value of 0 in block <uart_i>. This FF/Latch will be trimmed during the optimization process.
WARNING:Xst:1710 - FF/Latch <baud_counter_17> (without init value) has a constant value of 0 in block <uart_i>. This FF/Latch will be trimmed during the optimization process.
WARNING:Xst:1710 - FF/Latch <baud_counter_16> (without init value) has a constant value of 0 in block <uart_i>. This FF/Latch will be trimmed during the optimization process.
WARNING:Xst:1710 - FF/Latch <baud_counter_14> (without init value) has a constant value of 0 in block <uart_i>. This FF/Latch will be trimmed during the optimization process.
WARNING:Xst:1710 - FF/Latch <baud_counter_13> (without init value) has a constant value of 0 in block <uart_i>. This FF/Latch will be trimmed during the optimization process.
WARNING:Xst:1710 - FF/Latch <baud_counter_15> (without init value) has a constant value of 0 in block <uart_i>. This FF/Latch will be trimmed during the optimization process.
WARNING:Xst:1710 - FF/Latch <baud_counter_12> (without init value) has a constant value of 0 in block <uart_i>. This FF/Latch will be trimmed during the optimization process.
WARNING:Xst:1710 - FF/Latch <baud_counter_11> (without init value) has a constant value of 0 in block <uart_i>. This FF/Latch will be trimmed during the optimization process.
WARNING:Xst:1710 - FF/Latch <baud_counter_10> (without init value) has a constant value of 0 in block <uart_i>. This FF/Latch will be trimmed during the optimization process.
WARNING:Xst:1710 - FF/Latch <update_divider_27> (without init value) has a constant value of 0 in block <p5_b1_top>. This FF/Latch will be trimmed during the optimization process.
WARNING:Xst:1895 - Due to other FF/Latch trimming, FF/Latch <update_divider_28> (without init value) has a constant value of 0 in block <p5_b1_top>. This FF/Latch will be trimmed during the optimization process.
WARNING:Xst:1895 - Due to other FF/Latch trimming, FF/Latch <update_divider_29> (without init value) has a constant value of 0 in block <p5_b1_top>. This FF/Latch will be trimmed during the optimization process.
WARNING:Xst:1895 - Due to other FF/Latch trimming, FF/Latch <update_divider_30> (without init value) has a constant value of 0 in block <p5_b1_top>. This FF/Latch will be trimmed during the optimization process.
WARNING:Xst:1895 - Due to other FF/Latch trimming, FF/Latch <update_divider_31> (without init value) has a constant value of 0 in block <p5_b1_top>. This FF/Latch will be trimmed during the optimization process.
WARNING:Xst:1895 - Due to other FF/Latch trimming, FF/Latch <record_index_4> (without init value) has a constant value of 0 in block <p5_b1_top>. This FF/Latch will be trimmed during the optimization process.
INFO:Xst:2261 - The FF/Latch <record_value_10> in Unit <p5_b1_top> is equivalent to the following FF/Latch, which will be removed : <counter_value_10> 
INFO:Xst:2261 - The FF/Latch <record_value_11> in Unit <p5_b1_top> is equivalent to the following FF/Latch, which will be removed : <counter_value_11> 
INFO:Xst:2261 - The FF/Latch <record_value_12> in Unit <p5_b1_top> is equivalent to the following FF/Latch, which will be removed : <counter_value_12> 
INFO:Xst:2261 - The FF/Latch <record_value_13> in Unit <p5_b1_top> is equivalent to the following FF/Latch, which will be removed : <counter_value_13> 
INFO:Xst:2261 - The FF/Latch <record_value_14> in Unit <p5_b1_top> is equivalent to the following FF/Latch, which will be removed : <counter_value_14> 
INFO:Xst:2261 - The FF/Latch <record_value_15> in Unit <p5_b1_top> is equivalent to the following FF/Latch, which will be removed : <counter_value_15> 
INFO:Xst:2261 - The FF/Latch <record_value_0> in Unit <p5_b1_top> is equivalent to the following FF/Latch, which will be removed : <counter_value_0> 
INFO:Xst:2261 - The FF/Latch <record_value_1> in Unit <p5_b1_top> is equivalent to the following FF/Latch, which will be removed : <counter_value_1> 
INFO:Xst:2261 - The FF/Latch <record_value_2> in Unit <p5_b1_top> is equivalent to the following FF/Latch, which will be removed : <counter_value_2> 
INFO:Xst:2261 - The FF/Latch <record_value_3> in Unit <p5_b1_top> is equivalent to the following FF/Latch, which will be removed : <counter_value_3> 
INFO:Xst:2261 - The FF/Latch <record_value_4> in Unit <p5_b1_top> is equivalent to the following FF/Latch, which will be removed : <counter_value_4> 
INFO:Xst:2261 - The FF/Latch <record_value_5> in Unit <p5_b1_top> is equivalent to the following FF/Latch, which will be removed : <counter_value_5> 
INFO:Xst:2261 - The FF/Latch <record_value_6> in Unit <p5_b1_top> is equivalent to the following FF/Latch, which will be removed : <counter_value_6> 
INFO:Xst:2261 - The FF/Latch <record_value_7> in Unit <p5_b1_top> is equivalent to the following FF/Latch, which will be removed : <counter_value_7> 
INFO:Xst:2261 - The FF/Latch <record_value_8> in Unit <p5_b1_top> is equivalent to the following FF/Latch, which will be removed : <counter_value_8> 
INFO:Xst:2261 - The FF/Latch <record_value_9> in Unit <p5_b1_top> is equivalent to the following FF/Latch, which will be removed : <counter_value_9> 

Mapping all equations...
Building and optimizing final netlist ...
Found area constraint ratio of 100 (+ 5) on block p5_b1_top, actual ratio is 1.

Final Macro Processing ...

Processing Unit <p5_b1_top> :
	Found 2-bit shift register for signal <reset_sync>.
Unit <p5_b1_top> processed.

=========================================================================
Final Register Report

Macro Statistics
# Registers                                            : 91
 Flip-Flops                                            : 91
# Shift Registers                                      : 1
 2-bit shift register                                  : 1

=========================================================================

=========================================================================
*                           Partition Report                            *
=========================================================================

Partition Implementation Status
-------------------------------

  No Partitions were found in this design.

-------------------------------

=========================================================================
*                            Design Summary                             *
=========================================================================

Top Level Output File Name         : p5_b1.ngc

Primitive and Black Box Usage:
------------------------------
# BELS                             : 352
#      GND                         : 3
#      INV                         : 7
#      LUT1                        : 67
#      LUT2                        : 9
#      LUT3                        : 51
#      LUT4                        : 18
#      LUT5                        : 12
#      LUT6                        : 41
#      MUXCY                       : 67
#      MUXF7                       : 3
#      VCC                         : 3
#      XORCY                       : 71
# FlipFlops/Latches                : 92
#      FD                          : 32
#      FDE                         : 1
#      FDR                         : 29
#      FDRE                        : 20
#      FDS                         : 1
#      FDSE                        : 9
# Shift Registers                  : 1
#      SRLC16E                     : 1
# Clock Buffers                    : 1
#      BUFGP                       : 1
# IO Buffers                       : 16
#      IBUF                        : 1
#      OBUF                        : 15

Device utilization summary:
---------------------------

Selected Device : 6slx16csg324-2 


Slice Logic Utilization: 
 Number of Slice Registers:              92  out of  18224     0%  
 Number of Slice LUTs:                  206  out of   9112     2%  
    Number used as Logic:               205  out of   9112     2%  
    Number used as Memory:                1  out of   2176     0%  
       Number used as SRL:                1

Slice Logic Distribution: 
 Number of LUT Flip Flop pairs used:    216
   Number with an unused Flip Flop:     124  out of    216    57%  
   Number with an unused LUT:            10  out of    216     4%  
   Number of fully used LUT-FF pairs:    82  out of    216    37%  
   Number of unique control sets:         8

IO Utilization: 
 Number of IOs:                          17
 Number of bonded IOBs:                  17  out of    232     7%  

Specific Feature Utilization:
 Number of BUFG/BUFGCTRLs:                1  out of     16     6%  

---------------------------
Partition Resource Summary:
---------------------------

  No Partitions were found in this design.

---------------------------


=========================================================================
Timing Report

NOTE: THESE TIMING NUMBERS ARE ONLY A SYNTHESIS ESTIMATE.
      FOR ACCURATE TIMING INFORMATION PLEASE REFER TO THE TRACE REPORT
      GENERATED AFTER PLACE-and-ROUTE.

Clock Information:
------------------
-----------------------------------+------------------------+-------+
Clock Signal                       | Clock buffer(FF name)  | Load  |
-----------------------------------+------------------------+-------+
clk_100mhz                         | BUFGP                  | 93    |
-----------------------------------+------------------------+-------+

Asynchronous Control Signals Information:
----------------------------------------
No asynchronous control signals found in this design

Timing Summary:
---------------
Speed Grade: -2

   Minimum period: 4.831ns (Maximum Frequency: 206.996MHz)
   Minimum input arrival time before clock: 2.009ns
   Maximum output required time after clock: 7.243ns
   Maximum combinational path delay: No path found

Timing Details:
---------------
All values displayed in nanoseconds (ns)

=========================================================================
Timing constraint: Default period analysis for Clock 'clk_100mhz'
  Clock period: 4.831ns (frequency: 206.996MHz)
  Total number of paths / destination ports: 2623 / 178
-------------------------------------------------------------------------
Delay:               4.831ns (Levels of Logic = 3)
  Source:            update_divider_24 (FF)
  Destination:       record_index_0 (FF)
  Source Clock:      clk_100mhz rising
  Destination Clock: clk_100mhz rising

  Data Path: update_divider_24 to record_index_0
                                Gate     Net
    Cell:in->out      fanout   Delay   Delay  Logical Name (Net Name)
    ----------------------------------------  ------------
     FD:C->Q               2   0.525   1.181  update_divider_24 (update_divider_24)
     LUT6:I0->O            4   0.254   1.080  update_divider[31]_GND_1_o_equal_41_o<31>7_SW0 (N01)
     LUT6:I2->O           17   0.254   1.209  update_divider[31]_GND_1_o_equal_41_o<31>7_1 (update_divider[31]_GND_1_o_equal_41_o<31>7)
     LUT3:I2->O            1   0.254   0.000  update_divider_0_rstpot (update_divider_0_rstpot)
     FD:D                      0.074          update_divider_0
    ----------------------------------------
    Total                      4.831ns (1.361ns logic, 3.470ns route)
                                       (28.2% logic, 71.8% route)

=========================================================================
Timing constraint: Default OFFSET IN BEFORE for Clock 'clk_100mhz'
  Total number of paths / destination ports: 1 / 1
-------------------------------------------------------------------------
Offset:              2.009ns (Levels of Logic = 1)
  Source:            btn_reset (PAD)
  Destination:       Mshreg_reset_sync (FF)
  Destination Clock: clk_100mhz rising

  Data Path: btn_reset to Mshreg_reset_sync
                                Gate     Net
    Cell:in->out      fanout   Delay   Delay  Logical Name (Net Name)
    ----------------------------------------  ------------
     IBUF:I->O             1   1.328   0.681  btn_reset_IBUF (btn_reset_IBUF)
     SRLC16E:D                -0.060          Mshreg_reset_sync
    ----------------------------------------
    Total                      2.009ns (1.328ns logic, 0.681ns route)
                                       (66.1% logic, 33.9% route)

=========================================================================
Timing constraint: Default OFFSET OUT AFTER for Clock 'clk_100mhz'
  Total number of paths / destination ports: 179 / 14
-------------------------------------------------------------------------
Offset:              7.243ns (Levels of Logic = 4)
  Source:            display_i/scan_counter_16 (FF)
  Destination:       seg_n<6> (PAD)
  Source Clock:      clk_100mhz rising

  Data Path: display_i/scan_counter_16 to seg_n<6>
                                Gate     Net
    Cell:in->out      fanout   Delay   Delay  Logical Name (Net Name)
    ----------------------------------------  ------------
     FDR:C->Q              9   0.525   1.431  scan_counter_16 (scan_counter_16)
     LUT6:I0->O            7   0.254   1.186  Mmux_nibble<0>11 (nibble<0>)
     LUT4:I0->O            1   0.254   0.681  Mram_seg_n<6:0>41 (seg_n<4>)
     end scope: 'display_i:seg_n<4>'
     OBUF:I->O                 2.912          seg_n_4_OBUF (seg_n<4>)
    ----------------------------------------
    Total                      7.243ns (3.945ns logic, 3.298ns route)
                                       (54.5% logic, 45.5% route)

=========================================================================

Cross Clock Domains Report:
--------------------------

Clock to Setup on destination clock clk_100mhz
---------------+---------+---------+---------+---------+
               | Src:Rise| Src:Fall| Src:Rise| Src:Fall|
Source Clock   |Dest:Rise|Dest:Rise|Dest:Fall|Dest:Fall|
---------------+---------+---------+---------+---------+
clk_100mhz     |    4.831|         |         |         |
---------------+---------+---------+---------+---------+

=========================================================================


Total REAL time to Xst completion: 3.00 secs
Total CPU time to Xst completion: 2.51 secs
 
--> 


Total memory usage is 374236 kilobytes

Number of errors   :    0 (   0 filtered)
Number of warnings :   32 (   0 filtered)
Number of infos    :   19 (   0 filtered)

