P5_PHASE=P5
P5_STEP=P5_STEP_3_B1
STAGE=B1_STAGE_B_OFFLINE_ISE_IMPLEMENTATION
ATTEMPT=1
SOURCE_CHECKPOINT=097788bb3359e878e600bd74703b86ee6856367e
RESULT=FAIL_PRESERVED
FAILURE_POINT=ACTIVATE_OFFLINE_ISE_TOOLCHAIN
ERROR=/mnt/xilinx-ise14.7/Xilinx/14.7/ISE_DS/common/.settings64.sh: line 3: LD_ASSUME_KERNEL: unbound variable
CAUSE=installer nounset mode remained active while sourcing legacy ISE settings
REPAIR=temporarily disable nounset only while sourcing settings64.sh, then restore nounset
PACKAGE_ZIP_SHA256=dd48be41a5f133527d07a944815eab5d40dab9be17973d4bf9ab30730381c02a
INSTALLER_SHA256=093ba2d29a55871c504b4d80257bcba8e39e8f517eae79bc94a81ad688cd4f75
PACKAGE_INTEGRITY=PASS
REPOSITORY_PRECHECK=PASS
STAGE_A_PRECONDITION_HASHES=10_OF_10_PASS
ISE_MOUNT_READ_ONLY=PASS
STAGE_A_RERUN=PASS_EXACT_LOG_MATCH
XST_PERFORMED=NO
NGDBUILD_PERFORMED=NO
MAP_PERFORMED=NO
PAR_PERFORMED=NO
TRCE_PERFORMED=NO
BITGEN_PERFORMED=NO
LIVE_BOARD_ENUMERATION=NO
UART_DEVICE_ACCESS=NO
BOARD_PROGRAMMING=NO
EEPROM_ACCESS=NO
FAILED_BUILD_DIRECTORY=/home/shahriar-rizvi/Downloads/QFlow_P5_Step3_B1B_ISE_Build_097788bb
