P5_PHASE=P5
P5_STEP=P5_STEP_3_B1
STAGE=B1_STAGE_B_OFFLINE_ISE_IMPLEMENTATION
ATTEMPT=2
SOURCE_CHECKPOINT=097788bb3359e878e600bd74703b86ee6856367e
RESULT=FAIL_PRESERVED
FAILURE_POINT=POST_NGDBUILD_ARTIFACT_CHECK
ERROR=NGDBuild did not produce nonempty PCF
CAUSE=installer incorrectly required the Map-generated PCF immediately after NGDBuild
REPAIR=remove the premature PCF check and require the nonempty PCF immediately after successful Map
PACKAGE_ZIP_SHA256=0104bd0f8e5cd805999f8af818b163ea633163525f1189c2aa996bf57209fb30
INSTALLER_SHA256=225cf0b4de32b3070f593e6cd19c1949304d7478aadde6d309c6f4e7917a9037
PACKAGE_INTEGRITY=PASS
REPOSITORY_PRECHECK=PASS
STAGE_A_PRECONDITION_HASHES=10_OF_10_PASS
ATTEMPT1_FAILURE_RECORD=PASS_PRESERVED
ISE_MOUNT_READ_ONLY=PASS
STAGE_A_RERUN=PASS_EXACT_LOG_MATCH
ISE_ACTIVATION_REPAIR=PASS
XST_NGC_PRODUCED=YES_NONEMPTY
NGDBUILD_ERRORS=0
NGDBUILD_WARNINGS=0
NGDBUILD_RESULT=PASS
MAP_PERFORMED=NO
PAR_PERFORMED=NO
TRCE_PERFORMED=NO
BITGEN_PERFORMED=NO
LIVE_BOARD_ENUMERATION=NO
UART_DEVICE_ACCESS=NO
BOARD_PROGRAMMING=NO
EEPROM_ACCESS=NO
FAILED_BUILD_DIRECTORY=/home/shahriar-rizvi/Downloads/QFlow_P5_Step3_B1B_ISE_Build_097788bb_Attempt2
