Release 14.7 - xst P.20131013 (lin64)
Copyright (c) 1995-2013 Xilinx, Inc.  All rights reserved.
--> 

TABLE OF CONTENTS
  1) Synthesis Options Summary
  2) HDL Parsing
  3) HDL Elaboration
  4) HDL Synthesis
       4.1) HDL Synthesis Report
  5) Advanced HDL Synthesis
       5.1) Advanced HDL Synthesis Report
  6) Low Level Synthesis
  7) Partition Report
  8) Design Summary
       8.1) Primitive and Black Box Usage
       8.2) Device utilization summary
       8.3) Partition Resource Summary
       8.4) Timing Report
            8.4.1) Clock Information
            8.4.2) Asynchronous Control Signals Information
            8.4.3) Timing Summary
            8.4.4) Timing Details
            8.4.5) Cross Clock Domains Report


=========================================================================
*                      Synthesis Options Summary                        *
=========================================================================
---- Source Parameters
Input File Name                    : "fpga/ise_nexys3/p4_controller/controller.prj"
Input Format                       : mixed
Ignore Synthesis Constraint File   : NO

---- Target Parameters
Output File Name                   : "results/rl/p4_ise/build/rl_controller_synth_top"
Output Format                      : NGC
Target Device                      : xc6slx16-2-csg324

---- Source Options
Top Module Name                    : rl_controller_synth_top
Safe Implementation                : No
Automatic FSM Extraction           : YES
FSM Encoding Algorithm             : Auto
FSM Style                          : LUT
RAM Extraction                     : Yes
RAM Style                          : Auto
ROM Extraction                     : Yes
ROM Style                          : Auto
Shift Register Extraction          : YES
Resource Sharing                   : YES
Asynchronous To Synchronous        : NO
Use DSP Block                      : Auto
Automatic Register Balancing       : No

---- Target Options
Add IO Buffers                     : YES
Global Maximum Fanout              : 100000
Add Generic Clock Buffer(BUFG)     : 16
Register Duplication               : YES
Optimize Instantiated Primitives   : NO
Use Clock Enable                   : Auto
Use Synchronous Set                : Auto
Use Synchronous Reset              : Auto
Pack IO Registers into IOBs        : Auto
Equivalent register Removal        : YES

---- General Options
Optimization Goal                  : Speed
Optimization Effort                : 1
Power Reduction                    : NO
Keep Hierarchy                     : YES
Netlist Hierarchy                  : As_Optimized
RTL Output                         : Yes
Global Optimization                : AllClockNets
Read Cores                         : YES
Write Timing Constraints           : NO
Cross Clock Analysis               : NO
Hierarchy Separator                : /
Bus Delimiter                      : <>
Case Specifier                     : Maintain
Slice Utilization Ratio            : 100
BRAM Utilization Ratio             : 100
DSP48 Utilization Ratio            : 100
Slice Utilization Ratio Delta      : 5

=========================================================================


=========================================================================
*                          HDL Parsing                                  *
=========================================================================
Analyzing Verilog file "/tmp/qflow-p4-step9-repair.MkaQCD/work/rtl/rl/rl_state_encoder.v" into library work
Parsing module <rl_state_encoder>.
Analyzing Verilog file "/tmp/qflow-p4-step9-repair.MkaQCD/work/rtl/rl/rl_policy_rom.v" into library work
Parsing module <rl_policy_rom>.
Analyzing Verilog file "/tmp/qflow-p4-step9-repair.MkaQCD/work/rtl/rl/rl_profile_rom.v" into library work
Parsing module <rl_profile_rom>.
Analyzing Verilog file "/tmp/qflow-p4-step9-repair.MkaQCD/work/rtl/rl/rl_controller.v" into library work
Parsing module <rl_controller>.
Analyzing Verilog file "/tmp/qflow-p4-step9-repair.MkaQCD/work/fpga/ise_nexys3/p4_controller/rl_controller_synth_top.v" into library work
Parsing module <rl_controller_synth_top>.

=========================================================================
*                            HDL Elaboration                            *
=========================================================================

Elaborating module <rl_controller_synth_top>.

Elaborating module <rl_controller>.

Elaborating module <rl_state_encoder>.

Elaborating module <rl_policy_rom>.
Reading initialization file \"results/rl/p3_export/policy_rom.mem\".

Elaborating module <rl_profile_rom>.
Reading initialization file \"results/rl/p3_export/profile_rom.mem\".

=========================================================================
*                           HDL Synthesis                               *
=========================================================================

Synthesizing Unit <rl_controller_synth_top>.
    Related source file is "/tmp/qflow-p4-step9-repair.MkaQCD/work/fpga/ise_nexys3/p4_controller/rl_controller_synth_top.v".
    Summary:
	no macro.
Unit <rl_controller_synth_top> synthesized.

Synthesizing Unit <rl_controller>.
    Related source file is "/tmp/qflow-p4-step9-repair.MkaQCD/work/rtl/rl/rl_controller.v".
    Found 1-bit register for signal <no_path_latched>.
    Found 1-bit register for signal <current_action_valid>.
    Found 2-bit register for signal <current_action>.
    Found 2-bit register for signal <current_dwell_count>.
    Found 8-bit register for signal <transaction_state_id>.
    Found 2-bit register for signal <transaction_proposed_action>.
    Found 2-bit register for signal <transaction_selected_action>.
    Found 1-bit register for signal <transaction_switched>.
    Found 2-bit register for signal <transaction_dwell_count>.
    Found 1-bit register for signal <done>.
    Found 1-bit register for signal <output_valid>.
    Found 1-bit register for signal <invalid_state>.
    Found 1-bit register for signal <stall>.
    Found 1-bit register for signal <no_path_out>.
    Found 8-bit register for signal <state_id>.
    Found 2-bit register for signal <proposed_action>.
    Found 2-bit register for signal <selected_action>.
    Found 18-bit register for signal <profile_payload>.
    Found 1-bit register for signal <switched>.
    Found 2-bit register for signal <dwell_count_sat>.
    Found 2-bit register for signal <controller_state>.
    Found finite state machine <FSM_0> for signal <controller_state>.
    -----------------------------------------------------------------------
    | States             | 4                                              |
    | Transitions        | 8                                              |
    | Inputs             | 4                                              |
    | Outputs            | 5                                              |
    | Clock              | clk (rising_edge)                              |
    | Reset              | rst (positive)                                 |
    | Reset type         | synchronous                                    |
    | Reset State        | 00                                             |
    | Encoding           | auto                                           |
    | Implementation     | LUT                                            |
    -----------------------------------------------------------------------
    Found 2-bit adder for signal <current_dwell_count[1]_GND_2_o_add_9_OUT> created at line 78.
    Found 2-bit comparator not equal for signal <n0008> created at line 70
    Found 2-bit comparator greater for signal <n0011> created at line 71
    Summary:
	inferred   1 Adder/Subtractor(s).
	inferred  59 D-type flip-flop(s).
	inferred   2 Comparator(s).
	inferred   7 Multiplexer(s).
	inferred   1 Finite State Machine(s).
Unit <rl_controller> synthesized.

Synthesizing Unit <rl_state_encoder>.
    Related source file is "/tmp/qflow-p4-step9-repair.MkaQCD/work/rtl/rl/rl_state_encoder.v".
    Found 8-bit register for signal <state_id>.
    Found 1-bit register for signal <valid>.
    Found 16-bit comparator lessequal for signal <n0000> created at line 21
    Found 16-bit comparator lessequal for signal <n0002> created at line 23
    Found 16-bit comparator lessequal for signal <n0004> created at line 25
    Found 16-bit comparator lessequal for signal <n0009> created at line 35
    Found 16-bit comparator lessequal for signal <n0011> created at line 37
    Found 16-bit comparator lessequal for signal <n0013> created at line 39
    Found 16-bit comparator lessequal for signal <n0018> created at line 21
    Found 16-bit comparator lessequal for signal <n0020> created at line 23
    Found 16-bit comparator lessequal for signal <n0022> created at line 25
    Found 16-bit comparator lessequal for signal <n0027> created at line 49
    Found 16-bit comparator lessequal for signal <n0029> created at line 51
    Found 16-bit comparator lessequal for signal <n0031> created at line 53
    Summary:
	inferred   9 D-type flip-flop(s).
	inferred  12 Comparator(s).
	inferred   8 Multiplexer(s).
Unit <rl_state_encoder> synthesized.

Synthesizing Unit <rl_policy_rom>.
    Related source file is "/tmp/qflow-p4-step9-repair.MkaQCD/work/rtl/rl/rl_policy_rom.v".
        MEM_FILE = "results/rl/p3_export/policy_rom.mem"
WARNING:Xst:2999 - Signal 'policy_mem', unconnected in block 'rl_policy_rom', is tied to its initial value.
    Found 256x2-bit single-port Read Only RAM <Mram_policy_mem> for signal <policy_mem>.
    Found 2-bit register for signal <proposed_action>.
    Found 1-bit register for signal <valid>.
    Summary:
	inferred   1 RAM(s).
	inferred   3 D-type flip-flop(s).
Unit <rl_policy_rom> synthesized.

Synthesizing Unit <rl_profile_rom>.
    Related source file is "/tmp/qflow-p4-step9-repair.MkaQCD/work/rtl/rl/rl_profile_rom.v".
        MEM_FILE = "results/rl/p3_export/profile_rom.mem"
WARNING:Xst:2999 - Signal 'profile_mem', unconnected in block 'rl_profile_rom', is tied to its initial value.
    Found 4x18-bit single-port Read Only RAM <Mram_profile_mem> for signal <profile_mem>.
    Found 18-bit register for signal <profile_payload>.
    Found 1-bit register for signal <valid>.
    Summary:
	inferred   1 RAM(s).
	inferred  19 D-type flip-flop(s).
Unit <rl_profile_rom> synthesized.

=========================================================================
HDL Synthesis Report

Macro Statistics
# RAMs                                                 : 2
 256x2-bit single-port Read Only RAM                   : 1
 4x18-bit single-port Read Only RAM                    : 1
# Adders/Subtractors                                   : 1
 2-bit adder                                           : 1
# Registers                                            : 26
 1-bit register                                        : 12
 18-bit register                                       : 2
 2-bit register                                        : 9
 8-bit register                                        : 3
# Comparators                                          : 14
 16-bit comparator lessequal                           : 12
 2-bit comparator greater                              : 1
 2-bit comparator not equal                            : 1
# Multiplexers                                         : 15
 1-bit 2-to-1 multiplexer                              : 2
 2-bit 2-to-1 multiplexer                              : 13
# FSMs                                                 : 1

=========================================================================

=========================================================================
*                       Advanced HDL Synthesis                          *
=========================================================================

INFO:Xst:2261 - The FF/Latch <current_action_0> in Unit <controller_i> is equivalent to the following FF/Latch, which will be removed : <transaction_selected_action_0> 
INFO:Xst:2261 - The FF/Latch <current_action_1> in Unit <controller_i> is equivalent to the following FF/Latch, which will be removed : <transaction_selected_action_1> 
INFO:Xst:2261 - The FF/Latch <current_dwell_count_0> in Unit <controller_i> is equivalent to the following FF/Latch, which will be removed : <transaction_dwell_count_0> 
INFO:Xst:2261 - The FF/Latch <current_dwell_count_1> in Unit <controller_i> is equivalent to the following FF/Latch, which will be removed : <transaction_dwell_count_1> 

Synthesizing (advanced) Unit <rl_policy_rom>.
INFO:Xst:3231 - The small RAM <Mram_policy_mem> will be implemented on LUTs in order to maximize performance and save block RAM resources. If you want to force its implementation on block, use option/constraint ram_style.
    -----------------------------------------------------------------------
    | ram_type           | Distributed                         |          |
    -----------------------------------------------------------------------
    | Port A                                                              |
    |     aspect ratio   | 256-word x 2-bit                    |          |
    |     weA            | connected to signal <GND>           | high     |
    |     addrA          | connected to signal <state_id>      |          |
    |     diA            | connected to signal <GND>           |          |
    |     doA            | connected to internal node          |          |
    -----------------------------------------------------------------------
Unit <rl_policy_rom> synthesized (advanced).

Synthesizing (advanced) Unit <rl_profile_rom>.
INFO:Xst:3231 - The small RAM <Mram_profile_mem> will be implemented on LUTs in order to maximize performance and save block RAM resources. If you want to force its implementation on block, use option/constraint ram_style.
    -----------------------------------------------------------------------
    | ram_type           | Distributed                         |          |
    -----------------------------------------------------------------------
    | Port A                                                              |
    |     aspect ratio   | 4-word x 18-bit                     |          |
    |     weA            | connected to signal <GND>           | high     |
    |     addrA          | connected to signal <selected_action> |          |
    |     diA            | connected to signal <GND>           |          |
    |     doA            | connected to internal node          |          |
    -----------------------------------------------------------------------
Unit <rl_profile_rom> synthesized (advanced).

=========================================================================
Advanced HDL Synthesis Report

Macro Statistics
# RAMs                                                 : 2
 256x2-bit single-port distributed Read Only RAM       : 1
 4x18-bit single-port distributed Read Only RAM        : 1
# Adders/Subtractors                                   : 1
 2-bit adder                                           : 1
# Registers                                            : 90
 Flip-Flops                                            : 90
# Comparators                                          : 14
 16-bit comparator lessequal                           : 12
 2-bit comparator greater                              : 1
 2-bit comparator not equal                            : 1
# Multiplexers                                         : 16
 1-bit 2-to-1 multiplexer                              : 4
 2-bit 2-to-1 multiplexer                              : 12
# FSMs                                                 : 1

=========================================================================

=========================================================================
*                         Low Level Synthesis                           *
=========================================================================
INFO:Xst:2261 - The FF/Latch <current_action_0> in Unit <rl_controller> is equivalent to the following FF/Latch, which will be removed : <transaction_selected_action_0> 
INFO:Xst:2261 - The FF/Latch <current_action_1> in Unit <rl_controller> is equivalent to the following FF/Latch, which will be removed : <transaction_selected_action_1> 
INFO:Xst:2261 - The FF/Latch <current_dwell_count_0> in Unit <rl_controller> is equivalent to the following FF/Latch, which will be removed : <transaction_dwell_count_0> 
INFO:Xst:2261 - The FF/Latch <current_dwell_count_1> in Unit <rl_controller> is equivalent to the following FF/Latch, which will be removed : <transaction_dwell_count_1> 
Analyzing FSM <MFsm> for best encoding.
Optimizing FSM <controller_i/FSM_0> on signal <controller_state[1:2]> with user encoding.
-------------------
 State | Encoding
-------------------
 00    | 00
 11    | 11
 01    | 01
 10    | 10
-------------------
WARNING:Xst:1710 - FF/Latch <profile_payload_6> (without init value) has a constant value of 0 in block <rl_profile_rom>. This FF/Latch will be trimmed during the optimization process.
WARNING:Xst:1895 - Due to other FF/Latch trimming, FF/Latch <profile_payload_11> (without init value) has a constant value of 0 in block <rl_profile_rom>. This FF/Latch will be trimmed during the optimization process.
WARNING:Xst:1895 - Due to other FF/Latch trimming, FF/Latch <profile_payload_17> (without init value) has a constant value of 0 in block <rl_profile_rom>. This FF/Latch will be trimmed during the optimization process.
INFO:Xst:2261 - The FF/Latch <profile_payload_1> in Unit <rl_profile_rom> is equivalent to the following FF/Latch, which will be removed : <profile_payload_10> 
INFO:Xst:2261 - The FF/Latch <profile_payload_0> in Unit <rl_profile_rom> is equivalent to the following FF/Latch, which will be removed : <profile_payload_9> 
INFO:Xst:2261 - The FF/Latch <profile_payload_2> in Unit <rl_profile_rom> is equivalent to the following FF/Latch, which will be removed : <profile_payload_15> 
INFO:Xst:2261 - The FF/Latch <profile_payload_8> in Unit <rl_profile_rom> is equivalent to the following FF/Latch, which will be removed : <profile_payload_16> 

Optimizing unit <rl_controller_synth_top> ...

Optimizing unit <rl_policy_rom> ...

Optimizing unit <rl_controller> ...

Optimizing unit <rl_state_encoder> ...

Optimizing unit <rl_profile_rom> ...
WARNING:Xst:1710 - FF/Latch <profile_payload_6> (without init value) has a constant value of 0 in block <controller_i>. This FF/Latch will be trimmed during the optimization process.
WARNING:Xst:1710 - FF/Latch <profile_payload_11> (without init value) has a constant value of 0 in block <controller_i>. This FF/Latch will be trimmed during the optimization process.
WARNING:Xst:1710 - FF/Latch <profile_payload_17> (without init value) has a constant value of 0 in block <controller_i>. This FF/Latch will be trimmed during the optimization process.

Mapping all equations...
Building and optimizing final netlist ...
Found area constraint ratio of 100 (+ 5) on block rl_controller_synth_top, actual ratio is 0.
FlipFlop controller_i/controller_state_FSM_FFd1 has been replicated 1 time(s)

Final Macro Processing ...

=========================================================================
Final Register Report

Macro Statistics
# Registers                                            : 79
 Flip-Flops                                            : 79

=========================================================================

=========================================================================
*                           Partition Report                            *
=========================================================================

Partition Implementation Status
-------------------------------

  No Partitions were found in this design.

-------------------------------

=========================================================================
*                            Design Summary                             *
=========================================================================

Top Level Output File Name         : rl_controller_synth_top.ngc

Primitive and Black Box Usage:
------------------------------
# BELS                             : 110
#      GND                         : 1
#      INV                         : 4
#      LUT2                        : 17
#      LUT3                        : 6
#      LUT4                        : 46
#      LUT5                        : 5
#      LUT6                        : 25
#      MUXF7                       : 4
#      MUXF8                       : 2
# FlipFlops/Latches                : 79
#      FD                          : 5
#      FDR                         : 9
#      FDRE                        : 65
# Clock Buffers                    : 1
#      BUFGP                       : 1
# IO Buffers                       : 94
#      IBUF                        : 54
#      OBUF                        : 40

Device utilization summary:
---------------------------

Selected Device : 6slx16csg324-2 


Slice Logic Utilization: 
 Number of Slice Registers:              79  out of  18224     0%  
 Number of Slice LUTs:                  103  out of   9112     1%  
    Number used as Logic:               103  out of   9112     1%  

Slice Logic Distribution: 
 Number of LUT Flip Flop pairs used:    121
   Number with an unused Flip Flop:      42  out of    121    34%  
   Number with an unused LUT:            18  out of    121    14%  
   Number of fully used LUT-FF pairs:    61  out of    121    50%  
   Number of unique control sets:        12

IO Utilization: 
 Number of IOs:                         109
 Number of bonded IOBs:                  95  out of    232    40%  

Specific Feature Utilization:
 Number of BUFG/BUFGCTRLs:                1  out of     16     6%  

---------------------------
Partition Resource Summary:
---------------------------

  No Partitions were found in this design.

---------------------------


=========================================================================
Timing Report

NOTE: THESE TIMING NUMBERS ARE ONLY A SYNTHESIS ESTIMATE.
      FOR ACCURATE TIMING INFORMATION PLEASE REFER TO THE TRACE REPORT
      GENERATED AFTER PLACE-and-ROUTE.

Clock Information:
------------------
-----------------------------------+------------------------+-------+
Clock Signal                       | Clock buffer(FF name)  | Load  |
-----------------------------------+------------------------+-------+
clk                                | BUFGP                  | 79    |
-----------------------------------+------------------------+-------+

Asynchronous Control Signals Information:
----------------------------------------
No asynchronous control signals found in this design

Timing Summary:
---------------
Speed Grade: -2

   Minimum period: 4.035ns (Maximum Frequency: 247.812MHz)
   Minimum input arrival time before clock: 5.327ns
   Maximum output required time after clock: 6.351ns
   Maximum combinational path delay: No path found

Timing Details:
---------------
All values displayed in nanoseconds (ns)

=========================================================================
Timing constraint: Default period analysis for Clock 'clk'
  Clock period: 4.035ns (frequency: 247.812MHz)
  Total number of paths / destination ports: 483 / 136
-------------------------------------------------------------------------
Delay:               4.035ns (Levels of Logic = 2)
  Source:            controller_i/controller_state_FSM_FFd2 (FF)
  Destination:       controller_i/state_encoder_i/state_id_0 (FF)
  Source Clock:      clk rising
  Destination Clock: clk rising

  Data Path: controller_i/controller_state_FSM_FFd2 to controller_i/state_encoder_i/state_id_0
                                Gate     Net
    Cell:in->out      fanout   Delay   Delay  Logical Name (Net Name)
    ----------------------------------------  ------------
     FD:C->Q              57   0.525   1.983  controller_state_FSM_FFd2 (controller_state_FSM_FFd2)
     LUT4:I2->O            9   0.250   0.975  encoder_en1 (encoder_en)
     begin scope: 'controller_i/state_encoder_i:en'
     FDRE:CE                   0.302          state_id_0
    ----------------------------------------
    Total                      4.035ns (1.077ns logic, 2.958ns route)
                                       (26.7% logic, 73.3% route)

=========================================================================
Timing constraint: Default OFFSET IN BEFORE for Clock 'clk'
  Total number of paths / destination ports: 208 / 99
-------------------------------------------------------------------------
Offset:              5.327ns (Levels of Logic = 5)
  Source:            bottleneck_fidelity_u16<4> (PAD)
  Destination:       controller_i/state_encoder_i/state_id_4 (FF)
  Destination Clock: clk rising

  Data Path: bottleneck_fidelity_u16<4> to controller_i/state_encoder_i/state_id_4
                                Gate     Net
    Cell:in->out      fanout   Delay   Delay  Logical Name (Net Name)
    ----------------------------------------  ------------
     IBUF:I->O             3   1.328   1.221  bottleneck_fidelity_u16_4_IBUF (bottleneck_fidelity_u16_4_IBUF)
     begin scope: 'controller_i:bottleneck_fidelity_u16<4>'
     begin scope: 'controller_i/state_encoder_i:bottleneck_fidelity_u16<4>'
     LUT6:I0->O            1   0.254   0.790  PWR_3_o_bottleneck_fidelity_u16[15]_LessThan_9_o22_SW0 (N01)
     LUT6:I4->O            2   0.250   1.156  PWR_3_o_bottleneck_fidelity_u16[15]_LessThan_9_o22 (PWR_3_o_bottleneck_fidelity_u16[15]_LessThan_9_o22)
     LUT6:I1->O            1   0.254   0.000  Mmux_GND_3_o_PWR_3_o_mux_12_OUT13 (GND_3_o_PWR_3_o_mux_12_OUT<0>)
     FDRE:D                    0.074          state_id_4
    ----------------------------------------
    Total                      5.327ns (2.160ns logic, 3.167ns route)
                                       (40.5% logic, 59.5% route)

=========================================================================
Timing constraint: Default OFFSET OUT AFTER for Clock 'clk'
  Total number of paths / destination ports: 39 / 37
-------------------------------------------------------------------------
Offset:              6.351ns (Levels of Logic = 3)
  Source:            controller_i/controller_state_FSM_FFd2 (FF)
  Destination:       ready (PAD)
  Source Clock:      clk rising

  Data Path: controller_i/controller_state_FSM_FFd2 to ready
                                Gate     Net
    Cell:in->out      fanout   Delay   Delay  Logical Name (Net Name)
    ----------------------------------------  ------------
     FD:C->Q              57   0.525   1.983  controller_state_FSM_FFd2 (controller_state_FSM_FFd2)
     LUT2:I0->O            1   0.250   0.681  controller_state_ready1 (ready)
     end scope: 'controller_i:ready'
     OBUF:I->O                 2.912          ready_OBUF (ready)
    ----------------------------------------
    Total                      6.351ns (3.687ns logic, 2.664ns route)
                                       (58.1% logic, 41.9% route)

=========================================================================

Cross Clock Domains Report:
--------------------------

Clock to Setup on destination clock clk
---------------+---------+---------+---------+---------+
               | Src:Rise| Src:Fall| Src:Rise| Src:Fall|
Source Clock   |Dest:Rise|Dest:Rise|Dest:Fall|Dest:Fall|
---------------+---------+---------+---------+---------+
clk            |    4.035|         |         |         |
---------------+---------+---------+---------+---------+

=========================================================================


Total REAL time to Xst completion: 2.00 secs
Total CPU time to Xst completion: 2.34 secs
 
--> 


Total memory usage is 373760 kilobytes

Number of errors   :    0 (   0 filtered)
Number of warnings :    8 (   0 filtered)
Number of infos    :   14 (   0 filtered)

