P5_B5_IVERILOG_COMPILE=PASS
CASE state=0 scenario=0 complete
CASE state=0 scenario=1 complete
CASE state=0 scenario=2 complete
CASE state=0 scenario=3 complete
CASE state=0 scenario=1 complete
CASE state=80 scenario=1 complete
CASE state=98 scenario=1 complete
CASE state=173 scenario=1 complete
CASE state=164 scenario=1 complete
CASE state=0 scenario=1 complete
CASE state=25 scenario=1 complete
CASE state=25 scenario=1 complete
CASE state=25 scenario=1 complete
CASE state=17 scenario=1 complete
CASE state=17 scenario=1 complete
CASE state=17 scenario=1 complete
CASE state=104 scenario=1 complete
CASE state=104 scenario=1 complete
CASE state=104 scenario=1 complete
P5_B5_HOST_TEST=101_OF_101_MODE_RESULTS_PASS
/media/shahriar-rizvi/15ff04dd-7d57-4f19-9c76-148a0b65e70d1/QFlow_RL_Nexys3_Workspace/thesis-qcnfpga/sim/spartan6/tb_p5_b5_policy_shell.v:311: $finish called at 3546000 (1ps)
P5_B5_POLICY_SHELL_VERIFICATION=PASS
