Release 14.7 Map P.20131013 (lin64)
Xilinx Mapping Report File for Design 'p5_b5_selftest_top'

Design Information
------------------
Command Line   : map -w -p xc6slx16-2-csg324 -o p5_b5_map.ncd p5_b5.ngd
p5_b5.pcf 
Target Device  : xc6slx16
Target Package : csg324
Target Speed   : -2
Mapper Version : spartan6 -- $Revision: 1.55 $
Mapped Date    : Mon Jul 20 21:52:39 2026

Design Summary
--------------
Number of errors:      0
Number of warnings:    0
Slice Logic Utilization:
  Number of Slice Registers:                   424 out of  18,224    2%
    Number used as Flip Flops:                 424
    Number used as Latches:                      0
    Number used as Latch-thrus:                  0
    Number used as AND/OR logics:                0
  Number of Slice LUTs:                        609 out of   9,112    6%
    Number used as logic:                      577 out of   9,112    6%
      Number using O6 output only:             308
      Number using O5 output only:              26
      Number using O5 and O6:                  243
      Number used as ROM:                        0
    Number used as Memory:                       0 out of   2,176    0%
    Number used exclusively as route-thrus:     32
      Number with same-slice register load:     14
      Number with same-slice carry load:        18
      Number with other load:                    0

Slice Logic Distribution:
  Number of occupied Slices:                   217 out of   2,278    9%
  Number of MUXCYs used:                       384 out of   4,556    8%
  Number of LUT Flip Flop pairs used:          683
    Number with an unused Flip Flop:           330 out of     683   48%
    Number with an unused LUT:                  74 out of     683   10%
    Number of fully used LUT-FF pairs:         279 out of     683   40%
    Number of unique control sets:              26
    Number of slice register sites lost
      to control set restrictions:              72 out of  18,224    1%

  A LUT Flip Flop pair for this architecture represents one LUT paired with
  one Flip Flop within a slice.  A control set is a unique combination of
  clock, reset, set, and enable signals for a registered element.
  The Slice Logic Distribution report is not meaningful if the design is
  over-mapped for a non-slice resource or if Placement fails.

IO Utilization:
  Number of bonded IOBs:                        18 out of     232    7%
    Number of LOCed IOBs:                       18 out of      18  100%

Specific Feature Utilization:
  Number of RAMB16BWERs:                         0 out of      32    0%
  Number of RAMB8BWERs:                          0 out of      64    0%
  Number of BUFIO2/BUFIO2_2CLKs:                 0 out of      32    0%
  Number of BUFIO2FB/BUFIO2FB_2CLKs:             0 out of      32    0%
  Number of BUFG/BUFGMUXs:                       1 out of      16    6%
    Number used as BUFGs:                        1
    Number used as BUFGMUX:                      0
  Number of DCM/DCM_CLKGENs:                     0 out of       4    0%
  Number of ILOGIC2/ISERDES2s:                   0 out of     248    0%
  Number of IODELAY2/IODRP2/IODRP2_MCBs:         0 out of     248    0%
  Number of OLOGIC2/OSERDES2s:                   0 out of     248    0%
  Number of BSCANs:                              0 out of       4    0%
  Number of BUFHs:                               0 out of     128    0%
  Number of BUFPLLs:                             0 out of       8    0%
  Number of BUFPLL_MCBs:                         0 out of       4    0%
  Number of DSP48A1s:                            0 out of      32    0%
  Number of ICAPs:                               0 out of       1    0%
  Number of MCBs:                                0 out of       2    0%
  Number of PCILOGICSEs:                         0 out of       2    0%
  Number of PLL_ADVs:                            0 out of       2    0%
  Number of PMVs:                                0 out of       1    0%
  Number of STARTUPs:                            0 out of       1    0%
  Number of SUSPEND_SYNCs:                       0 out of       1    0%

Average Fanout of Non-Clock Nets:                3.56

Peak Memory Usage:  673 MB
Total REAL time to MAP completion:  7 secs 
Total CPU time to MAP completion:   7 secs 

Table of Contents
-----------------
Section 1 - Errors
Section 2 - Warnings
Section 3 - Informational
Section 4 - Removed Logic Summary
Section 5 - Removed Logic
Section 6 - IOB Properties
Section 7 - RPMs
Section 8 - Guide Report
Section 9 - Area Group and Partition Summary
Section 10 - Timing Report
Section 11 - Configuration String Information
Section 12 - Control Set Information
Section 13 - Utilization by Hierarchy

Section 1 - Errors
------------------

Section 2 - Warnings
--------------------

Section 3 - Informational
-------------------------
INFO:MapLib:562 - No environment variables are currently set.
INFO:LIT:244 - All of the single ended outputs in this design are using slew
   rate limited output drivers. The delay on speed critical single ended outputs
   can be dramatically reduced by designating them as fast outputs.
INFO:Pack:1716 - Initializing temperature to 85.000 Celsius. (default - Range:
   0.000 to 85.000 Celsius)
INFO:Pack:1720 - Initializing voltage to 1.140 Volts. (default - Range: 1.140 to
   1.260 Volts)
INFO:Map:215 - The Interim Design Summary has been generated in the MAP Report
   (.mrp).
INFO:Pack:1650 - Map created a placed design.

Section 4 - Removed Logic Summary
---------------------------------
   8 block(s) removed
   2 block(s) optimized away
   8 signal(s) removed

Section 5 - Removed Logic
-------------------------

The trimmed logic reported below is either:
   1. part of a cycle
   2. part of disabled logic
   3. a side-effect of other trimmed logic

The signal "shell/evaluator_i/Mmux_difference_rs_A<1>" is unused and has been
removed.
 Unused block "shell/evaluator_i/Mmux_difference_rs_A<1>1" (ROM) removed.
The signal "shell/evaluator_i/Mmux_difference_rs_A<4>" is unused and has been
removed.
 Unused block "shell/evaluator_i/Mmux_difference_rs_A<4>1" (ROM) removed.
The signal "shell/h4_controller_i_policy_rom_i/Mram_policy_mem2_f7" is unused
and has been removed.
 Unused block "shell/h4_controller_i_policy_rom_i/Mram_policy_mem2_f7" (MUX)
removed.
  The signal "shell/h4_controller_i_policy_rom_i/Mram_policy_mem22" is unused and
has been removed.
   Unused block "shell/h4_controller_i_policy_rom_i/Mram_policy_mem22" (ROM)
removed.
  The signal "shell/h4_controller_i_policy_rom_i/Mram_policy_mem21" is unused and
has been removed.
   Unused block "shell/h4_controller_i_policy_rom_i/Mram_policy_mem21" (ROM)
removed.
The signal "shell/h4_controller_i_policy_rom_i/Mram_policy_mem_f7" is unused and
has been removed.
 Unused block "shell/h4_controller_i_policy_rom_i/Mram_policy_mem_f7" (MUX)
removed.
  The signal "shell/h4_controller_i_policy_rom_i/Mram_policy_mem1" is unused and
has been removed.
   Unused block "shell/h4_controller_i_policy_rom_i/Mram_policy_mem2" (ROM)
removed.
  The signal "shell/h4_controller_i_policy_rom_i/Mram_policy_mem" is unused and
has been removed.
   Unused block "shell/h4_controller_i_policy_rom_i/Mram_policy_mem1" (ROM)
removed.

Optimized Block(s):
TYPE 		BLOCK
GND 		XST_GND
VCC 		XST_VCC

To enable printing of redundant blocks removed and signals merged, set the
detailed map report option and rerun map.

Section 6 - IOB Properties
--------------------------

+---------------------------------------------------------------------------------------------------------------------------------------------------------+
| IOB Name                           | Type             | Direction | IO Standard          | Diff  | Drive    | Slew | Reg (s)      | Resistor | IOB      |
|                                    |                  |           |                      | Term  | Strength | Rate |              |          | Delay    |
+---------------------------------------------------------------------------------------------------------------------------------------------------------+
| an_n<0>                            | IOB              | OUTPUT    | LVCMOS33             |       | 12       | SLOW |              |          |          |
| an_n<1>                            | IOB              | OUTPUT    | LVCMOS33             |       | 12       | SLOW |              |          |          |
| an_n<2>                            | IOB              | OUTPUT    | LVCMOS33             |       | 12       | SLOW |              |          |          |
| an_n<3>                            | IOB              | OUTPUT    | LVCMOS33             |       | 12       | SLOW |              |          |          |
| btn_reset                          | IOB              | INPUT     | LVCMOS33             |       |          |      |              |          |          |
| clk_100mhz                         | IOB              | INPUT     | LVCMOS33             |       |          |      |              |          |          |
| led_done                           | IOB              | OUTPUT    | LVCMOS33             |       | 12       | SLOW |              |          |          |
| led_fail                           | IOB              | OUTPUT    | LVCMOS33             |       | 12       | SLOW |              |          |          |
| led_heartbeat                      | IOB              | OUTPUT    | LVCMOS33             |       | 12       | SLOW |              |          |          |
| led_pass                           | IOB              | OUTPUT    | LVCMOS33             |       | 12       | SLOW |              |          |          |
| seg_n<0>                           | IOB              | OUTPUT    | LVCMOS33             |       | 12       | SLOW |              |          |          |
| seg_n<1>                           | IOB              | OUTPUT    | LVCMOS33             |       | 12       | SLOW |              |          |          |
| seg_n<2>                           | IOB              | OUTPUT    | LVCMOS33             |       | 12       | SLOW |              |          |          |
| seg_n<3>                           | IOB              | OUTPUT    | LVCMOS33             |       | 12       | SLOW |              |          |          |
| seg_n<4>                           | IOB              | OUTPUT    | LVCMOS33             |       | 12       | SLOW |              |          |          |
| seg_n<5>                           | IOB              | OUTPUT    | LVCMOS33             |       | 12       | SLOW |              |          |          |
| seg_n<6>                           | IOB              | OUTPUT    | LVCMOS33             |       | 12       | SLOW |              |          |          |
| seg_n<7>                           | IOB              | OUTPUT    | LVCMOS33             |       | 12       | SLOW |              |          |          |
+---------------------------------------------------------------------------------------------------------------------------------------------------------+

Section 7 - RPMs
----------------

Section 8 - Guide Report
------------------------
Guide not run on this design.

Section 9 - Area Group and Partition Summary
--------------------------------------------

Partition Implementation Status
-------------------------------

  No Partitions were found in this design.

-------------------------------

Area Group Information
----------------------

  No area groups were found in this design.

----------------------

Section 10 - Timing Report
--------------------------
A logic-level (pre-route) timing report can be generated by using Xilinx static
timing analysis tools, Timing Analyzer (GUI) or TRCE (command line), with the
mapped NCD and PCF files. Please note that this timing report will be generated
using estimated delay information. For accurate numbers, please generate a
timing report with the post Place and Route NCD file.

For more information about the Timing Analyzer, consult the Xilinx Timing
Analyzer Reference Manual; for more information about TRCE, consult the Xilinx
Command Line Tools User Guide "TRACE" chapter.

Section 11 - Configuration String Details
-----------------------------------------
Use the "-detail" map option to print out Configuration Strings

Section 12 - Control Set Information
------------------------------------
Use the "-detail" map option to print out Control Set Information.

Section 13 - Utilization by Hierarchy
-------------------------------------
Use the "-detail" map option to print out the Utilization by Hierarchy section.
