P5_B5_IVERILOG_COMPILE=PASS
CASE state=0 scenario=0 complete
CASE state=0 scenario=1 complete
CASE state=0 scenario=2 complete
CASE state=0 scenario=3 complete
CASE state=0 scenario=1 complete
CASE state=80 scenario=1 complete
CASE state=98 scenario=1 complete
CASE state=173 scenario=1 complete
CASE state=164 scenario=1 complete
CASE state=0 scenario=1 complete
CASE state=25 scenario=1 complete
CASE state=25 scenario=1 complete
CASE state=25 scenario=1 complete
CASE state=17 scenario=1 complete
CASE state=17 scenario=1 complete
CASE state=17 scenario=1 complete
CASE state=104 scenario=1 complete
CASE state=104 scenario=1 complete
CASE state=104 scenario=1 complete
P5_B5_HOST_TEST=101_OF_101_MODE_RESULTS_PASS
/home/shahriar-rizvi/Downloads/QFlow_P5_Step8_B6_Measurement_Attempt1/sim/spartan6/tb_p5_b5_policy_shell.v:311: $finish called at 3546000 (1ps)
P5_B5_POLICY_SHELL_VERIFICATION=PASS
