P5_B6_IVERILOG_COMPILE=PASS
MEASURE case=0 mode=H0 cycles=2
MEASURE case=0 mode=H1 cycles=7
MEASURE case=0 mode=H2 cycles=8
MEASURE case=0 mode=H3 cycles=8
MEASURE case=0 mode=H4 cycles=10
FAIL route result case=0
MEASURE case=1 mode=H0 cycles=2
MEASURE case=1 mode=H1 cycles=7
MEASURE case=1 mode=H2 cycles=8
MEASURE case=1 mode=H3 cycles=8
MEASURE case=1 mode=H4 cycles=10
FAIL route result case=1
MEASURE case=2 mode=H0 cycles=2
MEASURE case=2 mode=H1 cycles=109
MEASURE case=2 mode=H2 cycles=110
MEASURE case=2 mode=H3 cycles=110
MEASURE case=2 mode=H4 cycles=112
FAIL route result case=2
MEASURE case=3 mode=H0 cycles=2
MEASURE case=3 mode=H1 cycles=6
MEASURE case=3 mode=H2 cycles=7
MEASURE case=3 mode=H3 cycles=7
MEASURE case=3 mode=H4 cycles=9
FAIL no_path case=3
MEASURE case=4 mode=H0 cycles=1
MEASURE case=4 mode=H1 cycles=1
MEASURE case=4 mode=H2 cycles=1
MEASURE case=4 mode=H3 cycles=1
MEASURE case=4 mode=H4 cycles=1
MEASURE case=5 mode=H0 cycles=2
MEASURE case=5 mode=H1 cycles=7
MEASURE case=5 mode=H2 cycles=8
MEASURE case=5 mode=H3 cycles=8
MEASURE case=5 mode=H4 cycles=10
FAIL route result case=5
MEASURE case=6 mode=H0 cycles=2
MEASURE case=6 mode=H1 cycles=7
MEASURE case=6 mode=H2 cycles=8
MEASURE case=6 mode=H3 cycles=8
MEASURE case=6 mode=H4 cycles=10
FAIL route result case=6
MEASURE case=7 mode=H0 cycles=2
MEASURE case=7 mode=H1 cycles=7
MEASURE case=7 mode=H2 cycles=8
MEASURE case=7 mode=H3 cycles=8
MEASURE case=7 mode=H4 cycles=10
FAIL route result case=7
MEASURE case=8 mode=H0 cycles=2
MEASURE case=8 mode=H1 cycles=7
MEASURE case=8 mode=H2 cycles=8
MEASURE case=8 mode=H3 cycles=8
MEASURE case=8 mode=H4 cycles=10
FAIL route result case=8
MEASURE case=9 mode=H0 cycles=2
MEASURE case=9 mode=H1 cycles=7
MEASURE case=9 mode=H2 cycles=8
MEASURE case=9 mode=H3 cycles=8
MEASURE case=9 mode=H4 cycles=10
FAIL route result case=9
MEASURE case=10 mode=H0 cycles=2
MEASURE case=10 mode=H1 cycles=7
MEASURE case=10 mode=H2 cycles=8
MEASURE case=10 mode=H3 cycles=8
MEASURE case=10 mode=H4 cycles=10
FAIL route result case=10
MEASURE case=11 mode=H0 cycles=2
MEASURE case=11 mode=H1 cycles=7
MEASURE case=11 mode=H2 cycles=8
MEASURE case=11 mode=H3 cycles=8
MEASURE case=11 mode=H4 cycles=10
FAIL route result case=11
MEASURE case=12 mode=H0 cycles=2
MEASURE case=12 mode=H1 cycles=7
MEASURE case=12 mode=H2 cycles=8
MEASURE case=12 mode=H3 cycles=8
MEASURE case=12 mode=H4 cycles=10
FAIL route result case=12
MEASURE case=13 mode=H0 cycles=2
MEASURE case=13 mode=H1 cycles=7
MEASURE case=13 mode=H2 cycles=8
MEASURE case=13 mode=H3 cycles=8
MEASURE case=13 mode=H4 cycles=10
FAIL route result case=13
MEASURE case=14 mode=H0 cycles=2
MEASURE case=14 mode=H1 cycles=7
MEASURE case=14 mode=H2 cycles=8
MEASURE case=14 mode=H3 cycles=8
MEASURE case=14 mode=H4 cycles=10
FAIL route result case=14
MEASURE case=15 mode=H0 cycles=2
MEASURE case=15 mode=H1 cycles=7
MEASURE case=15 mode=H2 cycles=8
MEASURE case=15 mode=H3 cycles=8
MEASURE case=15 mode=H4 cycles=10
FAIL route result case=15
MEASURE case=16 mode=H0 cycles=2
MEASURE case=16 mode=H1 cycles=7
MEASURE case=16 mode=H2 cycles=8
MEASURE case=16 mode=H3 cycles=8
MEASURE case=16 mode=H4 cycles=10
FAIL route result case=16
MEASURE case=17 mode=H0 cycles=2
MEASURE case=17 mode=H1 cycles=7
MEASURE case=17 mode=H2 cycles=8
MEASURE case=17 mode=H3 cycles=8
MEASURE case=17 mode=H4 cycles=10
FAIL route result case=17
MEASURE case=18 mode=H0 cycles=2
MEASURE case=18 mode=H1 cycles=7
MEASURE case=18 mode=H2 cycles=8
MEASURE case=18 mode=H3 cycles=8
MEASURE case=18 mode=H4 cycles=10
FAIL route result case=18
MEASURE case=19 mode=H0 cycles=2
MEASURE case=19 mode=H1 cycles=7
MEASURE case=19 mode=H2 cycles=8
MEASURE case=19 mode=H3 cycles=8
MEASURE case=19 mode=H4 cycles=10
FAIL route result case=19
P5_B6_MEASUREMENT=FAIL completions=100 errors=19
/home/shahriar-rizvi/Downloads/QFlow_P5_Step8_B6_Measurement_Attempt1/sim/spartan6/tb_p5_b6_measurement_shell.v:295: $finish called at 3516000 (1ps)
P5_B6_COMPLETION_SENTINEL=FAIL
