Release 14.7 - Bitgen P.20131013 (lin64)
Copyright (c) 1995-2013 Xilinx, Inc.  All rights reserved.
Loading device for application Rf_Device from file '6slx16.nph' in environment
/mnt/xilinx-ise14.7/Xilinx/14.7/ISE_DS/ISE/.
   "p5_b2_selftest_top" is an NCD, version 3.2, device xc6slx16, package csg324,
speed -2
Opened constraints file p5_b2.pcf.

Sun Jul 19 23:31:18 2026

Running DRC.
WARNING:PhysDesignRules:367 - The signal <u_fdpe/x_uq4_12<8>> is incomplete. The
   signal does not drive any load pins in the design.
WARNING:PhysDesignRules:367 - The signal <u_fdpe/x_uq4_12<1>> is incomplete. The
   signal does not drive any load pins in the design.
WARNING:PhysDesignRules:367 - The signal <u_fdpe/x_uq4_12<0>> is incomplete. The
   signal does not drive any load pins in the design.
DRC detected 0 errors and 3 warnings.  Please see the previously displayed
individual error or warning messages for more details.
Creating bit map...
Saving bit stream in "p5_b2.bit".
Bitstream generation is complete.
