Release 14.7 - Trace  (lin64)
Copyright (c) 1995-2013 Xilinx, Inc.  All rights reserved.


Loading device for application Rf_Device from file '6slx16.nph' in environment
/mnt/xilinx-ise14.7/Xilinx/14.7/ISE_DS/ISE/.
   "p5_b2_selftest_top" is an NCD, version 3.2, device xc6slx16, package csg324,
speed -2
--------------------------------------------------------------------------------
Release 14.7 Trace  (lin64)
Copyright (c) 1995-2013 Xilinx, Inc.  All rights reserved.

/mnt/xilinx-ise14.7/Xilinx/14.7/ISE_DS/ISE/bin/lin64/unwrapped/trce -v 10 -n 10
-s 2 -fastpaths p5_b2_routed.ncd -o p5_b2.twr p5_b2.pcf


Design file:              p5_b2_routed.ncd
Physical constraint file: p5_b2.pcf
Device,speed:             xc6slx16,-2 (PRODUCTION 1.23 2013-10-13)
Report level:             verbose report, limited to 10 items per constraint
--------------------------------------------------------------------------------

INFO:Timing:3412 - To improve timing, see the Timing Closure User Guide (UG612).
INFO:Timing:2752 - To get complete path coverage, use the unconstrained paths option. All paths that are not constrained will be reported in
   the unconstrained paths section(s) of the report.
INFO:Timing:3339 - The clock-to-out numbers in this timing report are based on a 50 Ohm transmission line loading model.  For the details of
   this model, and for more information on accounting for different loading conditions, please see the device datasheet.


Timing summary:
---------------

Timing errors: 0  Score: 0 (Setup/Max: 0, Hold: 0)

Constraints cover 14589 paths, 0 nets, and 1747 connections

Design statistics:
   Minimum period:   9.591ns (Maximum frequency: 104.264MHz)


Analysis completed Sun Jul 19 23:31:16 2026
--------------------------------------------------------------------------------

Generating Report ...

Number of warnings: 0
Number of info messages: 3
Total time: 1 secs 
