P6_CONTRACT_REPLAY_ROWS=20
P6_HELDOUT_REPLAY_ROWS=64
P6_ALL_REPLAY_ROWS=84
P6_HELDOUT_SEED=26072026
P6_CONTRACT_REPLAY_SHA256=e72411f9e44442cb94a580b25c11583eba6b7e5be729fec5adfea676075191d6
P6_HELDOUT_REPLAY_SHA256=a4892cb91153820c6b77dccda800c6e5452e24d7e0e19d6307f995f9578dfc07
P6_ALL_REPLAY_SHA256=83081e4eb165b887dfdd2c07bd467804f39b78e54e7a9026b4d96007091b07e7
P6_REPLAY_FREEZE_JSON_SHA256=9702780ea8d5d0cc914384183b530809ecd2dcea9f46955a9d65c68000178281
P6_STEP3B_REPLAY_GENERATION=PASS
PASS step2_schema_header
PASS headers
PASS row_counts
PASS combined_exact
PASS replay_order
PASS contract_ids
PASS heldout_ids
PASS unique_replay_ids
PASS heldout_seed_flags
PASS class_balance
PASS status_counts
PASS src_dst_0
PASS slots_0
PASS status_0
PASS src_dst_1
PASS slots_1
PASS status_1
PASS src_dst_2
PASS slots_2
PASS status_2
PASS src_dst_3
PASS slots_3
PASS status_3
PASS src_dst_4
PASS slots_4
PASS status_4
PASS src_dst_5
PASS slots_5
PASS status_5
PASS src_dst_6
PASS slots_6
PASS status_6
PASS src_dst_7
PASS slots_7
PASS status_7
PASS src_dst_8
PASS slots_8
PASS status_8
PASS src_dst_9
PASS slots_9
PASS status_9
PASS src_dst_10
PASS slots_10
PASS status_10
PASS src_dst_11
PASS slots_11
PASS status_11
PASS src_dst_12
PASS slots_12
PASS status_12
PASS src_dst_13
PASS slots_13
PASS status_13
PASS src_dst_14
PASS slots_14
PASS status_14
PASS src_dst_15
PASS slots_15
PASS status_15
PASS src_dst_16
PASS slots_16
PASS status_16
PASS src_dst_17
PASS slots_17
PASS status_17
PASS src_dst_18
PASS slots_18
PASS status_18
PASS src_dst_19
PASS slots_19
PASS status_19
PASS src_dst_20
PASS slots_20
PASS status_20
PASS src_dst_21
PASS slots_21
PASS status_21
PASS src_dst_22
PASS slots_22
PASS status_22
PASS src_dst_23
PASS slots_23
PASS status_23
PASS src_dst_24
PASS slots_24
PASS status_24
PASS src_dst_25
PASS slots_25
PASS status_25
PASS src_dst_26
PASS slots_26
PASS status_26
PASS src_dst_27
PASS slots_27
PASS status_27
PASS src_dst_28
PASS slots_28
PASS status_28
PASS src_dst_29
PASS slots_29
PASS status_29
PASS src_dst_30
PASS slots_30
PASS status_30
PASS src_dst_31
PASS slots_31
PASS status_31
PASS src_dst_32
PASS slots_32
PASS status_32
PASS src_dst_33
PASS slots_33
PASS status_33
PASS src_dst_34
PASS slots_34
PASS status_34
PASS src_dst_35
PASS slots_35
PASS status_35
PASS src_dst_36
PASS slots_36
PASS status_36
PASS src_dst_37
PASS slots_37
PASS status_37
PASS src_dst_38
PASS slots_38
PASS status_38
PASS src_dst_39
PASS slots_39
PASS status_39
PASS src_dst_40
PASS slots_40
PASS status_40
PASS src_dst_41
PASS slots_41
PASS status_41
PASS src_dst_42
PASS slots_42
PASS status_42
PASS src_dst_43
PASS slots_43
PASS status_43
PASS src_dst_44
PASS slots_44
PASS status_44
PASS src_dst_45
PASS slots_45
PASS status_45
PASS src_dst_46
PASS slots_46
PASS status_46
PASS src_dst_47
PASS slots_47
PASS status_47
PASS src_dst_48
PASS slots_48
PASS status_48
PASS src_dst_49
PASS slots_49
PASS status_49
PASS src_dst_50
PASS slots_50
PASS status_50
PASS src_dst_51
PASS slots_51
PASS status_51
PASS src_dst_52
PASS slots_52
PASS status_52
PASS src_dst_53
PASS slots_53
PASS status_53
PASS src_dst_54
PASS slots_54
PASS status_54
PASS src_dst_55
PASS slots_55
PASS status_55
PASS src_dst_56
PASS slots_56
PASS status_56
PASS src_dst_57
PASS slots_57
PASS status_57
PASS src_dst_58
PASS slots_58
PASS status_58
PASS src_dst_59
PASS slots_59
PASS status_59
PASS src_dst_60
PASS slots_60
PASS status_60
PASS src_dst_61
PASS slots_61
PASS status_61
PASS src_dst_62
PASS slots_62
PASS status_62
PASS src_dst_63
PASS slots_63
PASS status_63
PASS src_dst_64
PASS slots_64
PASS status_64
PASS src_dst_65
PASS slots_65
PASS status_65
PASS src_dst_66
PASS slots_66
PASS status_66
PASS src_dst_67
PASS slots_67
PASS status_67
PASS src_dst_68
PASS slots_68
PASS status_68
PASS src_dst_69
PASS slots_69
PASS status_69
PASS src_dst_70
PASS slots_70
PASS status_70
PASS src_dst_71
PASS slots_71
PASS status_71
PASS src_dst_72
PASS slots_72
PASS status_72
PASS src_dst_73
PASS slots_73
PASS status_73
PASS src_dst_74
PASS slots_74
PASS status_74
PASS src_dst_75
PASS slots_75
PASS status_75
PASS src_dst_76
PASS slots_76
PASS status_76
PASS src_dst_77
PASS slots_77
PASS status_77
PASS src_dst_78
PASS slots_78
PASS status_78
PASS src_dst_79
PASS slots_79
PASS status_79
PASS src_dst_80
PASS slots_80
PASS status_80
PASS src_dst_81
PASS slots_81
PASS status_81
PASS src_dst_82
PASS slots_82
PASS status_82
PASS src_dst_83
PASS slots_83
PASS status_83
PASS no_tuning_after_hash
PASS hash_results/nexys3/p6_replay/p6_all_replay.csv
PASS hash_results/nexys3/p6_replay/p6_contract_replay.csv
PASS hash_results/nexys3/p6_replay/p6_heldout_dynamic_replay.csv
PASS claim_boundary
P6_STEP3B_REPLAY_VALIDATION=PASS
P6_STEP3B_REPLAY_ROWS=84_OF_84_PASS
P6_STEP3B_HELDOUT_CLASSES=4_OF_4_BALANCED
