P4_INTEGRATED_CYCLE_VECTOR_COUNT=2125
P4_INTEGRATED_VALID_DECISIONS=530
P4_INTEGRATED_FROZEN_TRACE_DECISIONS=520
P4_INTEGRATED_FROZEN_TRACE_COUNT=2
P4_INTEGRATED_TEST_SEED=2003
P4_INTEGRATED_MANUAL_TRACE_SHA256=c5fca408fd5311b3ad17c4fac913ace26a322164f2606c218fb4e44d3c7592de
P4_INTEGRATED_TEST_TRACE_SHA256=52e590b70cf4dad07f2ecfd2fd74a1cf67e9d514c085b3c440492b2523dfe655
P4_INTEGRATED_CYCLE_CSV_SHA256=dbc0f0eed7b51df5f572a65a142d57fd9661ea72e2fb76eb2072b985e2176e3c
P4_INTEGRATED_RTL_VECTOR_SHA256=2fa9a66360f0af93b5b6e0df0fd61b51f1604d459004fb88e50a57629581c3c5
P4_INTEGRATED_H4_TIMELINE_SHA256=fdf375bec7367686200100dac96187a55d2743dd18c926f58c4a63ee90fc7e85
P4_INTEGRATED_CYCLE_VECTOR_COUNT=2125
P4_INTEGRATED_VALID_DECISIONS=530
P4_INTEGRATED_FROZEN_TRACE_DECISIONS=520
P4_INTEGRATED_FROZEN_TRACE_COUNT=2
P4_INTEGRATED_TEST_SEED=2003
P4_INTEGRATED_MANUAL_TRACE_SHA256=c5fca408fd5311b3ad17c4fac913ace26a322164f2606c218fb4e44d3c7592de
P4_INTEGRATED_TEST_TRACE_SHA256=52e590b70cf4dad07f2ecfd2fd74a1cf67e9d514c085b3c440492b2523dfe655
P4_INTEGRATED_CYCLE_CSV_SHA256=dbc0f0eed7b51df5f572a65a142d57fd9661ea72e2fb76eb2072b985e2176e3c
P4_INTEGRATED_RTL_VECTOR_SHA256=2fa9a66360f0af93b5b6e0df0fd61b51f1604d459004fb88e50a57629581c3c5
P4_INTEGRATED_H4_TIMELINE_SHA256=fdf375bec7367686200100dac96187a55d2743dd18c926f58c4a63ee90fc7e85
PASS: all three tracked integrated vector/timeline files regenerate byte-for-byte
