Release 14.7 - Map P.20131013 (lin64)
Copyright (c) 1995-2013 Xilinx, Inc.  All rights reserved.
Using target part "6slx16csg324-2".
Mapping design into LUTs...
Writing file p5_b3_map.ngm...
Running directed packing...
Running delay-based LUT packing...
Updating timing models...
INFO:Map:215 - The Interim Design Summary has been generated in the MAP Report
   (.mrp).
Running timing-driven placement...
Total REAL time at the beginning of Placer: 2 secs 
Total CPU  time at the beginning of Placer: 2 secs 

Phase 1.1  Initial Placement Analysis
Phase 1.1  Initial Placement Analysis (Checksum:1343d59f) REAL time: 2 secs 

Phase 2.7  Design Feasibility Check
Phase 2.7  Design Feasibility Check (Checksum:1343d59f) REAL time: 2 secs 

Phase 3.31  Local Placement Optimization
Phase 3.31  Local Placement Optimization (Checksum:1343d59f) REAL time: 2 secs 

Phase 4.2  Initial Placement for Architecture Specific Features

Phase 4.2  Initial Placement for Architecture Specific Features
(Checksum:b3453fb9) REAL time: 3 secs 

Phase 5.36  Local Placement Optimization
Phase 5.36  Local Placement Optimization (Checksum:b3453fb9) REAL time: 3 secs 

Phase 6.30  Global Clock Region Assignment
Phase 6.30  Global Clock Region Assignment (Checksum:b3453fb9) REAL time: 3 secs 

Phase 7.3  Local Placement Optimization
Phase 7.3  Local Placement Optimization (Checksum:b3453fb9) REAL time: 3 secs 

Phase 8.5  Local Placement Optimization
Phase 8.5  Local Placement Optimization (Checksum:b3453fb9) REAL time: 3 secs 

Phase 9.8  Global Placement
........................................
......................
Phase 9.8  Global Placement (Checksum:b847768f) REAL time: 3 secs 

Phase 10.5  Local Placement Optimization
Phase 10.5  Local Placement Optimization (Checksum:b847768f) REAL time: 3 secs 

Phase 11.18  Placement Optimization
Phase 11.18  Placement Optimization (Checksum:4323c86f) REAL time: 4 secs 

Phase 12.5  Local Placement Optimization
Phase 12.5  Local Placement Optimization (Checksum:4323c86f) REAL time: 4 secs 

Phase 13.34  Placement Validation
Phase 13.34  Placement Validation (Checksum:4076be40) REAL time: 4 secs 

Total REAL time to Placer completion: 4 secs 
Total CPU  time to Placer completion: 4 secs 
Running post-placement packing...
Writing output files...

Design Summary:
Number of errors:      0
Number of warnings:    0
Slice Logic Utilization:
  Number of Slice Registers:                   476 out of  18,224    2%
    Number used as Flip Flops:                 462
    Number used as Latches:                      0
    Number used as Latch-thrus:                  0
    Number used as AND/OR logics:               14
  Number of Slice LUTs:                        442 out of   9,112    4%
    Number used as logic:                      409 out of   9,112    4%
      Number using O6 output only:             206
      Number using O5 output only:              46
      Number using O5 and O6:                  157
      Number used as ROM:                        0
    Number used as Memory:                       0 out of   2,176    0%
    Number used exclusively as route-thrus:     33
      Number with same-slice register load:     31
      Number with same-slice carry load:         2
      Number with other load:                    0

Slice Logic Distribution:
  Number of occupied Slices:                   146 out of   2,278    6%
  Number of MUXCYs used:                       156 out of   4,556    3%
  Number of LUT Flip Flop pairs used:          481
    Number with an unused Flip Flop:           130 out of     481   27%
    Number with an unused LUT:                  39 out of     481    8%
    Number of fully used LUT-FF pairs:         312 out of     481   64%
    Number of unique control sets:              20
    Number of slice register sites lost
      to control set restrictions:              74 out of  18,224    1%

  A LUT Flip Flop pair for this architecture represents one LUT paired with
  one Flip Flop within a slice.  A control set is a unique combination of
  clock, reset, set, and enable signals for a registered element.
  The Slice Logic Distribution report is not meaningful if the design is
  over-mapped for a non-slice resource or if Placement fails.

IO Utilization:
  Number of bonded IOBs:                        18 out of     232    7%
    Number of LOCed IOBs:                       18 out of      18  100%

Specific Feature Utilization:
  Number of RAMB16BWERs:                         0 out of      32    0%
  Number of RAMB8BWERs:                          0 out of      64    0%
  Number of BUFIO2/BUFIO2_2CLKs:                 0 out of      32    0%
  Number of BUFIO2FB/BUFIO2FB_2CLKs:             0 out of      32    0%
  Number of BUFG/BUFGMUXs:                       1 out of      16    6%
    Number used as BUFGs:                        1
    Number used as BUFGMUX:                      0
  Number of DCM/DCM_CLKGENs:                     0 out of       4    0%
  Number of ILOGIC2/ISERDES2s:                   0 out of     248    0%
  Number of IODELAY2/IODRP2/IODRP2_MCBs:         0 out of     248    0%
  Number of OLOGIC2/OSERDES2s:                   0 out of     248    0%
  Number of BSCANs:                              0 out of       4    0%
  Number of BUFHs:                               0 out of     128    0%
  Number of BUFPLLs:                             0 out of       8    0%
  Number of BUFPLL_MCBs:                         0 out of       4    0%
  Number of DSP48A1s:                            0 out of      32    0%
  Number of ICAPs:                               0 out of       1    0%
  Number of MCBs:                                0 out of       2    0%
  Number of PCILOGICSEs:                         0 out of       2    0%
  Number of PLL_ADVs:                            0 out of       2    0%
  Number of PMVs:                                0 out of       1    0%
  Number of STARTUPs:                            0 out of       1    0%
  Number of SUSPEND_SYNCs:                       0 out of       1    0%

Average Fanout of Non-Clock Nets:                3.59

Peak Memory Usage:  671 MB
Total REAL time to MAP completion:  4 secs 
Total CPU time to MAP completion:   4 secs 

Mapping completed.
See MAP report file "p5_b3_map.mrp" for details.
